Archive member included to satisfy reference by file (symbol)

c:/apps/atmel/studio/7.0/toolchain/avr8/avr8-gnu-toolchain/bin/../lib/gcc/avr/5.4.0/avr6\libgcc.a(_udivmodsi4.o)
                              stack/hal/drivers/atmega256rfr2/src/halSleep.o (__udivmodsi4)
c:/apps/atmel/studio/7.0/toolchain/avr8/avr8-gnu-toolchain/bin/../lib/gcc/avr/5.4.0/avr6\libgcc.a(_exit.o)
                              c:/apps/atmel/studio/7.0/toolchain/avr8/avr8-gnu-toolchain/bin/../lib/gcc/avr/5.4.0/../../../../avr/lib/avr6/crtatmega256rfr2.o (exit)
c:/apps/atmel/studio/7.0/toolchain/avr8/avr8-gnu-toolchain/bin/../lib/gcc/avr/5.4.0/avr6\libgcc.a(_copy_data.o)
                              app.o (__do_copy_data)
c:/apps/atmel/studio/7.0/toolchain/avr8/avr8-gnu-toolchain/bin/../lib/gcc/avr/5.4.0/avr6\libgcc.a(_clear_bss.o)
                              app.o (__do_clear_bss)
c:/apps/atmel/studio/7.0/toolchain/avr8/avr8-gnu-toolchain/bin/../lib/gcc/avr/5.4.0/../../../../avr/lib/avr6\libc.a(rand.o)
                              stack/nwk/src/nwkTx.o (rand)
c:/apps/atmel/studio/7.0/toolchain/avr8/avr8-gnu-toolchain/bin/../lib/gcc/avr/5.4.0/../../../../avr/lib/avr6\libc.a(memcpy.o)
                              stack/nwk/src/nwkDataReq.o (memcpy)
c:/apps/atmel/studio/7.0/toolchain/avr8/avr8-gnu-toolchain/bin/../lib/gcc/avr/5.4.0/avr6\libgcc.a(_divmodsi4.o)
                              c:/apps/atmel/studio/7.0/toolchain/avr8/avr8-gnu-toolchain/bin/../lib/gcc/avr/5.4.0/../../../../avr/lib/avr6\libc.a(rand.o) (__divmodsi4)
c:/apps/atmel/studio/7.0/toolchain/avr8/avr8-gnu-toolchain/bin/../lib/gcc/avr/5.4.0/avr6\libgcc.a(_negsi2.o)
                              c:/apps/atmel/studio/7.0/toolchain/avr8/avr8-gnu-toolchain/bin/../lib/gcc/avr/5.4.0/avr6\libgcc.a(_divmodsi4.o) (__negsi2)
c:/apps/atmel/studio/7.0/toolchain/avr8/avr8-gnu-toolchain/bin/../lib/gcc/avr/5.4.0/avr6\libgcc.a(_muluhisi3.o)
                              c:/apps/atmel/studio/7.0/toolchain/avr8/avr8-gnu-toolchain/bin/../lib/gcc/avr/5.4.0/../../../../avr/lib/avr6\libc.a(rand.o) (__muluhisi3)
c:/apps/atmel/studio/7.0/toolchain/avr8/avr8-gnu-toolchain/bin/../lib/gcc/avr/5.4.0/avr6\libgcc.a(_mulshisi3.o)
                              c:/apps/atmel/studio/7.0/toolchain/avr8/avr8-gnu-toolchain/bin/../lib/gcc/avr/5.4.0/../../../../avr/lib/avr6\libc.a(rand.o) (__mulohisi3)
c:/apps/atmel/studio/7.0/toolchain/avr8/avr8-gnu-toolchain/bin/../lib/gcc/avr/5.4.0/avr6\libgcc.a(_umulhisi3.o)
                              c:/apps/atmel/studio/7.0/toolchain/avr8/avr8-gnu-toolchain/bin/../lib/gcc/avr/5.4.0/avr6\libgcc.a(_muluhisi3.o) (__umulhisi3)

Allocating common symbols
Common symbol       size              file

nwkIb               0x28              stack/nwk/src/nwk.o
halTimerIrqCount    0x1               stack/hal/atmega256rfr2/src/halTimer.o

Discarded input sections

 .data          0x00000000        0x0 c:/apps/atmel/studio/7.0/toolchain/avr8/avr8-gnu-toolchain/bin/../lib/gcc/avr/5.4.0/../../../../avr/lib/avr6/crtatmega256rfr2.o
 .bss           0x00000000        0x0 c:/apps/atmel/studio/7.0/toolchain/avr8/avr8-gnu-toolchain/bin/../lib/gcc/avr/5.4.0/../../../../avr/lib/avr6/crtatmega256rfr2.o
 .text          0x00000000        0x0 app.o
 .data          0x00000000        0x0 app.o
 .bss           0x00000000        0x0 app.o
 .text.APP_timerHandler
                0x00000000       0x38 app.o
 .text          0x00000000        0x0 main.o
 .data          0x00000000        0x0 main.o
 .bss           0x00000000        0x0 main.o
 .text          0x00000000        0x0 stack/hal/atmega256rfr2/src/hal.o
 .data          0x00000000        0x0 stack/hal/atmega256rfr2/src/hal.o
 .bss           0x00000000        0x0 stack/hal/atmega256rfr2/src/hal.o
 .text.HAL_Delay
                0x00000000        0x8 stack/hal/atmega256rfr2/src/hal.o
 .text          0x00000000        0x0 stack/hal/atmega256rfr2/src/halTimer.o
 .data          0x00000000        0x0 stack/hal/atmega256rfr2/src/halTimer.o
 .bss           0x00000000        0x0 stack/hal/atmega256rfr2/src/halTimer.o
 .text.HAL_TimerDelay
                0x00000000       0x44 stack/hal/atmega256rfr2/src/halTimer.o
 .text          0x00000000        0x0 stack/hal/drivers/atmega256rfr2/src/halSleep.o
 .data          0x00000000        0x0 stack/hal/drivers/atmega256rfr2/src/halSleep.o
 .bss           0x00000000        0x0 stack/hal/drivers/atmega256rfr2/src/halSleep.o
 .text.HAL_Sleep
                0x00000000      0x10c stack/hal/drivers/atmega256rfr2/src/halSleep.o
 .text          0x00000000        0x0 stack/hal/drivers/atmega256rfr2/src/halUart.o
 .data          0x00000000        0x0 stack/hal/drivers/atmega256rfr2/src/halUart.o
 .bss           0x00000000        0x0 stack/hal/drivers/atmega256rfr2/src/halUart.o
 .text.HAL_UartReadByte
                0x00000000       0x4c stack/hal/drivers/atmega256rfr2/src/halUart.o
 .text          0x00000000        0x0 stack/nwk/src/nwk.o
 .data          0x00000000        0x0 stack/nwk/src/nwk.o
 .bss           0x00000000        0x0 stack/nwk/src/nwk.o
 .text.NWK_Busy
                0x00000000       0x12 stack/nwk/src/nwk.o
 .text.NWK_Lock
                0x00000000       0x10 stack/nwk/src/nwk.o
 .text.NWK_Unlock
                0x00000000       0x10 stack/nwk/src/nwk.o
 .text.NWK_SleepReq
                0x00000000        0x6 stack/nwk/src/nwk.o
 .text.NWK_WakeupReq
                0x00000000        0x6 stack/nwk/src/nwk.o
 .rodata        0x00000000        0x9 stack/nwk/src/nwk.o
 .text.NWK_LinearizeLqi
                0x00000000       0x5c stack/nwk/src/nwk.o
 .text          0x00000000        0x0 stack/nwk/src/nwkDataReq.o
 .data          0x00000000        0x0 stack/nwk/src/nwkDataReq.o
 .bss           0x00000000        0x0 stack/nwk/src/nwkDataReq.o
 .text          0x00000000        0x0 stack/nwk/src/nwkFrame.o
 .data          0x00000000        0x0 stack/nwk/src/nwkFrame.o
 .bss           0x00000000        0x0 stack/nwk/src/nwkFrame.o
 .text          0x00000000        0x0 stack/nwk/src/nwkGroup.o
 .data          0x00000000        0x0 stack/nwk/src/nwkGroup.o
 .bss           0x00000000        0x0 stack/nwk/src/nwkGroup.o
 .debug_info    0x00000000       0x56 stack/nwk/src/nwkGroup.o
 .debug_abbrev  0x00000000       0x26 stack/nwk/src/nwkGroup.o
 .debug_aranges
                0x00000000       0x18 stack/nwk/src/nwkGroup.o
 .debug_line    0x00000000       0x1a stack/nwk/src/nwkGroup.o
 .debug_str     0x00000000      0x168 stack/nwk/src/nwkGroup.o
 .comment       0x00000000       0x31 stack/nwk/src/nwkGroup.o
 .text          0x00000000        0x0 stack/nwk/src/nwkRoute.o
 .data          0x00000000        0x0 stack/nwk/src/nwkRoute.o
 .bss           0x00000000        0x0 stack/nwk/src/nwkRoute.o
 .text.NWK_RouteTable
                0x00000000        0x6 stack/nwk/src/nwkRoute.o
 .text.nwkRouteUpdateEntry
                0x00000000       0x4c stack/nwk/src/nwkRoute.o
 .text.nwkRouteErrorReceived
                0x00000000       0x20 stack/nwk/src/nwkRoute.o
 .text          0x00000000        0x0 stack/nwk/src/nwkRouteDiscovery.o
 .data          0x00000000        0x0 stack/nwk/src/nwkRouteDiscovery.o
 .bss           0x00000000        0x0 stack/nwk/src/nwkRouteDiscovery.o
 .debug_info    0x00000000       0x64 stack/nwk/src/nwkRouteDiscovery.o
 .debug_abbrev  0x00000000       0x26 stack/nwk/src/nwkRouteDiscovery.o
 .debug_aranges
                0x00000000       0x18 stack/nwk/src/nwkRouteDiscovery.o
 .debug_line    0x00000000       0x1a stack/nwk/src/nwkRouteDiscovery.o
 .debug_str     0x00000000      0x180 stack/nwk/src/nwkRouteDiscovery.o
 .comment       0x00000000       0x31 stack/nwk/src/nwkRouteDiscovery.o
 .text          0x00000000        0x0 stack/nwk/src/nwkRx.o
 .data          0x00000000        0x0 stack/nwk/src/nwkRx.o
 .bss           0x00000000        0x0 stack/nwk/src/nwkRx.o
 .text.NWK_SetAckControl
                0x00000000        0x6 stack/nwk/src/nwkRx.o
 .text          0x00000000        0x0 stack/nwk/src/nwkSecurity.o
 .data          0x00000000        0x0 stack/nwk/src/nwkSecurity.o
 .bss           0x00000000        0x0 stack/nwk/src/nwkSecurity.o
 .debug_info    0x00000000       0x64 stack/nwk/src/nwkSecurity.o
 .debug_abbrev  0x00000000       0x26 stack/nwk/src/nwkSecurity.o
 .debug_aranges
                0x00000000       0x18 stack/nwk/src/nwkSecurity.o
 .debug_line    0x00000000       0x1a stack/nwk/src/nwkSecurity.o
 .debug_str     0x00000000      0x17a stack/nwk/src/nwkSecurity.o
 .comment       0x00000000       0x31 stack/nwk/src/nwkSecurity.o
 .text          0x00000000        0x0 stack/nwk/src/nwkTx.o
 .data          0x00000000        0x0 stack/nwk/src/nwkTx.o
 .bss           0x00000000        0x0 stack/nwk/src/nwkTx.o
 .text.nwkTxAckReceived
                0x00000000       0x4c stack/nwk/src/nwkTx.o
 .text.nwkTxConfirm
                0x00000000        0xe stack/nwk/src/nwkTx.o
 .text          0x00000000        0x0 stack/phy/atmega256rfr2/src/phy.o
 .data          0x00000000        0x0 stack/phy/atmega256rfr2/src/phy.o
 .bss           0x00000000        0x0 stack/phy/atmega256rfr2/src/phy.o
 .text.PHY_SetBand
                0x00000000        0xa stack/phy/atmega256rfr2/src/phy.o
 .text.PHY_SetTxPower
                0x00000000       0x10 stack/phy/atmega256rfr2/src/phy.o
 .text.PHY_Sleep
                0x00000000       0x18 stack/phy/atmega256rfr2/src/phy.o
 .text.PHY_Wakeup
                0x00000000       0x16 stack/phy/atmega256rfr2/src/phy.o
 .text          0x00000000        0x0 stack/sys/src/sys.o
 .data          0x00000000        0x0 stack/sys/src/sys.o
 .bss           0x00000000        0x0 stack/sys/src/sys.o
 .text          0x00000000        0x0 stack/sys/src/sysEncrypt.o
 .data          0x00000000        0x0 stack/sys/src/sysEncrypt.o
 .bss           0x00000000        0x0 stack/sys/src/sysEncrypt.o
 .debug_info    0x00000000       0x56 stack/sys/src/sysEncrypt.o
 .debug_abbrev  0x00000000       0x26 stack/sys/src/sysEncrypt.o
 .debug_aranges
                0x00000000       0x18 stack/sys/src/sysEncrypt.o
 .debug_line    0x00000000       0x1a stack/sys/src/sysEncrypt.o
 .debug_str     0x00000000      0x16a stack/sys/src/sysEncrypt.o
 .comment       0x00000000       0x31 stack/sys/src/sysEncrypt.o
 .text          0x00000000        0x0 stack/sys/src/sysTimer.o
 .data          0x00000000        0x0 stack/sys/src/sysTimer.o
 .bss           0x00000000        0x0 stack/sys/src/sysTimer.o
 .text.SYS_TimerStop
                0x00000000       0x7a stack/sys/src/sysTimer.o
 .text          0x00000000        0x0 c:/apps/atmel/studio/7.0/toolchain/avr8/avr8-gnu-toolchain/bin/../lib/gcc/avr/5.4.0/avr6\libgcc.a(_udivmodsi4.o)
 .data          0x00000000        0x0 c:/apps/atmel/studio/7.0/toolchain/avr8/avr8-gnu-toolchain/bin/../lib/gcc/avr/5.4.0/avr6\libgcc.a(_udivmodsi4.o)
 .bss           0x00000000        0x0 c:/apps/atmel/studio/7.0/toolchain/avr8/avr8-gnu-toolchain/bin/../lib/gcc/avr/5.4.0/avr6\libgcc.a(_udivmodsi4.o)
 .text.libgcc.mul
                0x00000000        0x0 c:/apps/atmel/studio/7.0/toolchain/avr8/avr8-gnu-toolchain/bin/../lib/gcc/avr/5.4.0/avr6\libgcc.a(_udivmodsi4.o)
 .text.libgcc   0x00000000        0x0 c:/apps/atmel/studio/7.0/toolchain/avr8/avr8-gnu-toolchain/bin/../lib/gcc/avr/5.4.0/avr6\libgcc.a(_udivmodsi4.o)
 .text.libgcc.prologue
                0x00000000        0x0 c:/apps/atmel/studio/7.0/toolchain/avr8/avr8-gnu-toolchain/bin/../lib/gcc/avr/5.4.0/avr6\libgcc.a(_udivmodsi4.o)
 .text.libgcc.builtins
                0x00000000        0x0 c:/apps/atmel/studio/7.0/toolchain/avr8/avr8-gnu-toolchain/bin/../lib/gcc/avr/5.4.0/avr6\libgcc.a(_udivmodsi4.o)
 .text.libgcc.fmul
                0x00000000        0x0 c:/apps/atmel/studio/7.0/toolchain/avr8/avr8-gnu-toolchain/bin/../lib/gcc/avr/5.4.0/avr6\libgcc.a(_udivmodsi4.o)
 .text.libgcc.fixed
                0x00000000        0x0 c:/apps/atmel/studio/7.0/toolchain/avr8/avr8-gnu-toolchain/bin/../lib/gcc/avr/5.4.0/avr6\libgcc.a(_udivmodsi4.o)
 .text          0x00000000        0x0 c:/apps/atmel/studio/7.0/toolchain/avr8/avr8-gnu-toolchain/bin/../lib/gcc/avr/5.4.0/avr6\libgcc.a(_exit.o)
 .data          0x00000000        0x0 c:/apps/atmel/studio/7.0/toolchain/avr8/avr8-gnu-toolchain/bin/../lib/gcc/avr/5.4.0/avr6\libgcc.a(_exit.o)
 .bss           0x00000000        0x0 c:/apps/atmel/studio/7.0/toolchain/avr8/avr8-gnu-toolchain/bin/../lib/gcc/avr/5.4.0/avr6\libgcc.a(_exit.o)
 .text.libgcc.mul
                0x00000000        0x0 c:/apps/atmel/studio/7.0/toolchain/avr8/avr8-gnu-toolchain/bin/../lib/gcc/avr/5.4.0/avr6\libgcc.a(_exit.o)
 .text.libgcc.div
                0x00000000        0x0 c:/apps/atmel/studio/7.0/toolchain/avr8/avr8-gnu-toolchain/bin/../lib/gcc/avr/5.4.0/avr6\libgcc.a(_exit.o)
 .text.libgcc   0x00000000        0x0 c:/apps/atmel/studio/7.0/toolchain/avr8/avr8-gnu-toolchain/bin/../lib/gcc/avr/5.4.0/avr6\libgcc.a(_exit.o)
 .text.libgcc.prologue
                0x00000000        0x0 c:/apps/atmel/studio/7.0/toolchain/avr8/avr8-gnu-toolchain/bin/../lib/gcc/avr/5.4.0/avr6\libgcc.a(_exit.o)
 .text.libgcc.builtins
                0x00000000        0x0 c:/apps/atmel/studio/7.0/toolchain/avr8/avr8-gnu-toolchain/bin/../lib/gcc/avr/5.4.0/avr6\libgcc.a(_exit.o)
 .text.libgcc.fmul
                0x00000000        0x0 c:/apps/atmel/studio/7.0/toolchain/avr8/avr8-gnu-toolchain/bin/../lib/gcc/avr/5.4.0/avr6\libgcc.a(_exit.o)
 .text.libgcc.fixed
                0x00000000        0x0 c:/apps/atmel/studio/7.0/toolchain/avr8/avr8-gnu-toolchain/bin/../lib/gcc/avr/5.4.0/avr6\libgcc.a(_exit.o)
 .text          0x00000000        0x0 c:/apps/atmel/studio/7.0/toolchain/avr8/avr8-gnu-toolchain/bin/../lib/gcc/avr/5.4.0/avr6\libgcc.a(_copy_data.o)
 .data          0x00000000        0x0 c:/apps/atmel/studio/7.0/toolchain/avr8/avr8-gnu-toolchain/bin/../lib/gcc/avr/5.4.0/avr6\libgcc.a(_copy_data.o)
 .bss           0x00000000        0x0 c:/apps/atmel/studio/7.0/toolchain/avr8/avr8-gnu-toolchain/bin/../lib/gcc/avr/5.4.0/avr6\libgcc.a(_copy_data.o)
 .text.libgcc.mul
                0x00000000        0x0 c:/apps/atmel/studio/7.0/toolchain/avr8/avr8-gnu-toolchain/bin/../lib/gcc/avr/5.4.0/avr6\libgcc.a(_copy_data.o)
 .text.libgcc.div
                0x00000000        0x0 c:/apps/atmel/studio/7.0/toolchain/avr8/avr8-gnu-toolchain/bin/../lib/gcc/avr/5.4.0/avr6\libgcc.a(_copy_data.o)
 .text.libgcc   0x00000000        0x0 c:/apps/atmel/studio/7.0/toolchain/avr8/avr8-gnu-toolchain/bin/../lib/gcc/avr/5.4.0/avr6\libgcc.a(_copy_data.o)
 .text.libgcc.prologue
                0x00000000        0x0 c:/apps/atmel/studio/7.0/toolchain/avr8/avr8-gnu-toolchain/bin/../lib/gcc/avr/5.4.0/avr6\libgcc.a(_copy_data.o)
 .text.libgcc.builtins
                0x00000000        0x0 c:/apps/atmel/studio/7.0/toolchain/avr8/avr8-gnu-toolchain/bin/../lib/gcc/avr/5.4.0/avr6\libgcc.a(_copy_data.o)
 .text.libgcc.fmul
                0x00000000        0x0 c:/apps/atmel/studio/7.0/toolchain/avr8/avr8-gnu-toolchain/bin/../lib/gcc/avr/5.4.0/avr6\libgcc.a(_copy_data.o)
 .text.libgcc.fixed
                0x00000000        0x0 c:/apps/atmel/studio/7.0/toolchain/avr8/avr8-gnu-toolchain/bin/../lib/gcc/avr/5.4.0/avr6\libgcc.a(_copy_data.o)
 .text          0x00000000        0x0 c:/apps/atmel/studio/7.0/toolchain/avr8/avr8-gnu-toolchain/bin/../lib/gcc/avr/5.4.0/avr6\libgcc.a(_clear_bss.o)
 .data          0x00000000        0x0 c:/apps/atmel/studio/7.0/toolchain/avr8/avr8-gnu-toolchain/bin/../lib/gcc/avr/5.4.0/avr6\libgcc.a(_clear_bss.o)
 .bss           0x00000000        0x0 c:/apps/atmel/studio/7.0/toolchain/avr8/avr8-gnu-toolchain/bin/../lib/gcc/avr/5.4.0/avr6\libgcc.a(_clear_bss.o)
 .text.libgcc.mul
                0x00000000        0x0 c:/apps/atmel/studio/7.0/toolchain/avr8/avr8-gnu-toolchain/bin/../lib/gcc/avr/5.4.0/avr6\libgcc.a(_clear_bss.o)
 .text.libgcc.div
                0x00000000        0x0 c:/apps/atmel/studio/7.0/toolchain/avr8/avr8-gnu-toolchain/bin/../lib/gcc/avr/5.4.0/avr6\libgcc.a(_clear_bss.o)
 .text.libgcc   0x00000000        0x0 c:/apps/atmel/studio/7.0/toolchain/avr8/avr8-gnu-toolchain/bin/../lib/gcc/avr/5.4.0/avr6\libgcc.a(_clear_bss.o)
 .text.libgcc.prologue
                0x00000000        0x0 c:/apps/atmel/studio/7.0/toolchain/avr8/avr8-gnu-toolchain/bin/../lib/gcc/avr/5.4.0/avr6\libgcc.a(_clear_bss.o)
 .text.libgcc.builtins
                0x00000000        0x0 c:/apps/atmel/studio/7.0/toolchain/avr8/avr8-gnu-toolchain/bin/../lib/gcc/avr/5.4.0/avr6\libgcc.a(_clear_bss.o)
 .text.libgcc.fmul
                0x00000000        0x0 c:/apps/atmel/studio/7.0/toolchain/avr8/avr8-gnu-toolchain/bin/../lib/gcc/avr/5.4.0/avr6\libgcc.a(_clear_bss.o)
 .text.libgcc.fixed
                0x00000000        0x0 c:/apps/atmel/studio/7.0/toolchain/avr8/avr8-gnu-toolchain/bin/../lib/gcc/avr/5.4.0/avr6\libgcc.a(_clear_bss.o)
 .text          0x00000000        0x0 c:/apps/atmel/studio/7.0/toolchain/avr8/avr8-gnu-toolchain/bin/../lib/gcc/avr/5.4.0/../../../../avr/lib/avr6\libc.a(rand.o)
 .bss           0x00000000        0x0 c:/apps/atmel/studio/7.0/toolchain/avr8/avr8-gnu-toolchain/bin/../lib/gcc/avr/5.4.0/../../../../avr/lib/avr6\libc.a(rand.o)
 .text          0x00000000        0x0 c:/apps/atmel/studio/7.0/toolchain/avr8/avr8-gnu-toolchain/bin/../lib/gcc/avr/5.4.0/../../../../avr/lib/avr6\libc.a(memcpy.o)
 .data          0x00000000        0x0 c:/apps/atmel/studio/7.0/toolchain/avr8/avr8-gnu-toolchain/bin/../lib/gcc/avr/5.4.0/../../../../avr/lib/avr6\libc.a(memcpy.o)
 .bss           0x00000000        0x0 c:/apps/atmel/studio/7.0/toolchain/avr8/avr8-gnu-toolchain/bin/../lib/gcc/avr/5.4.0/../../../../avr/lib/avr6\libc.a(memcpy.o)
 .text          0x00000000        0x0 c:/apps/atmel/studio/7.0/toolchain/avr8/avr8-gnu-toolchain/bin/../lib/gcc/avr/5.4.0/avr6\libgcc.a(_divmodsi4.o)
 .data          0x00000000        0x0 c:/apps/atmel/studio/7.0/toolchain/avr8/avr8-gnu-toolchain/bin/../lib/gcc/avr/5.4.0/avr6\libgcc.a(_divmodsi4.o)
 .bss           0x00000000        0x0 c:/apps/atmel/studio/7.0/toolchain/avr8/avr8-gnu-toolchain/bin/../lib/gcc/avr/5.4.0/avr6\libgcc.a(_divmodsi4.o)
 .text.libgcc.mul
                0x00000000        0x0 c:/apps/atmel/studio/7.0/toolchain/avr8/avr8-gnu-toolchain/bin/../lib/gcc/avr/5.4.0/avr6\libgcc.a(_divmodsi4.o)
 .text.libgcc   0x00000000        0x0 c:/apps/atmel/studio/7.0/toolchain/avr8/avr8-gnu-toolchain/bin/../lib/gcc/avr/5.4.0/avr6\libgcc.a(_divmodsi4.o)
 .text.libgcc.prologue
                0x00000000        0x0 c:/apps/atmel/studio/7.0/toolchain/avr8/avr8-gnu-toolchain/bin/../lib/gcc/avr/5.4.0/avr6\libgcc.a(_divmodsi4.o)
 .text.libgcc.builtins
                0x00000000        0x0 c:/apps/atmel/studio/7.0/toolchain/avr8/avr8-gnu-toolchain/bin/../lib/gcc/avr/5.4.0/avr6\libgcc.a(_divmodsi4.o)
 .text.libgcc.fmul
                0x00000000        0x0 c:/apps/atmel/studio/7.0/toolchain/avr8/avr8-gnu-toolchain/bin/../lib/gcc/avr/5.4.0/avr6\libgcc.a(_divmodsi4.o)
 .text.libgcc.fixed
                0x00000000        0x0 c:/apps/atmel/studio/7.0/toolchain/avr8/avr8-gnu-toolchain/bin/../lib/gcc/avr/5.4.0/avr6\libgcc.a(_divmodsi4.o)
 .text          0x00000000        0x0 c:/apps/atmel/studio/7.0/toolchain/avr8/avr8-gnu-toolchain/bin/../lib/gcc/avr/5.4.0/avr6\libgcc.a(_negsi2.o)
 .data          0x00000000        0x0 c:/apps/atmel/studio/7.0/toolchain/avr8/avr8-gnu-toolchain/bin/../lib/gcc/avr/5.4.0/avr6\libgcc.a(_negsi2.o)
 .bss           0x00000000        0x0 c:/apps/atmel/studio/7.0/toolchain/avr8/avr8-gnu-toolchain/bin/../lib/gcc/avr/5.4.0/avr6\libgcc.a(_negsi2.o)
 .text.libgcc.mul
                0x00000000        0x0 c:/apps/atmel/studio/7.0/toolchain/avr8/avr8-gnu-toolchain/bin/../lib/gcc/avr/5.4.0/avr6\libgcc.a(_negsi2.o)
 .text.libgcc   0x00000000        0x0 c:/apps/atmel/studio/7.0/toolchain/avr8/avr8-gnu-toolchain/bin/../lib/gcc/avr/5.4.0/avr6\libgcc.a(_negsi2.o)
 .text.libgcc.prologue
                0x00000000        0x0 c:/apps/atmel/studio/7.0/toolchain/avr8/avr8-gnu-toolchain/bin/../lib/gcc/avr/5.4.0/avr6\libgcc.a(_negsi2.o)
 .text.libgcc.builtins
                0x00000000        0x0 c:/apps/atmel/studio/7.0/toolchain/avr8/avr8-gnu-toolchain/bin/../lib/gcc/avr/5.4.0/avr6\libgcc.a(_negsi2.o)
 .text.libgcc.fmul
                0x00000000        0x0 c:/apps/atmel/studio/7.0/toolchain/avr8/avr8-gnu-toolchain/bin/../lib/gcc/avr/5.4.0/avr6\libgcc.a(_negsi2.o)
 .text.libgcc.fixed
                0x00000000        0x0 c:/apps/atmel/studio/7.0/toolchain/avr8/avr8-gnu-toolchain/bin/../lib/gcc/avr/5.4.0/avr6\libgcc.a(_negsi2.o)
 .text          0x00000000        0x0 c:/apps/atmel/studio/7.0/toolchain/avr8/avr8-gnu-toolchain/bin/../lib/gcc/avr/5.4.0/avr6\libgcc.a(_muluhisi3.o)
 .data          0x00000000        0x0 c:/apps/atmel/studio/7.0/toolchain/avr8/avr8-gnu-toolchain/bin/../lib/gcc/avr/5.4.0/avr6\libgcc.a(_muluhisi3.o)
 .bss           0x00000000        0x0 c:/apps/atmel/studio/7.0/toolchain/avr8/avr8-gnu-toolchain/bin/../lib/gcc/avr/5.4.0/avr6\libgcc.a(_muluhisi3.o)
 .text.libgcc.div
                0x00000000        0x0 c:/apps/atmel/studio/7.0/toolchain/avr8/avr8-gnu-toolchain/bin/../lib/gcc/avr/5.4.0/avr6\libgcc.a(_muluhisi3.o)
 .text.libgcc   0x00000000        0x0 c:/apps/atmel/studio/7.0/toolchain/avr8/avr8-gnu-toolchain/bin/../lib/gcc/avr/5.4.0/avr6\libgcc.a(_muluhisi3.o)
 .text.libgcc.prologue
                0x00000000        0x0 c:/apps/atmel/studio/7.0/toolchain/avr8/avr8-gnu-toolchain/bin/../lib/gcc/avr/5.4.0/avr6\libgcc.a(_muluhisi3.o)
 .text.libgcc.builtins
                0x00000000        0x0 c:/apps/atmel/studio/7.0/toolchain/avr8/avr8-gnu-toolchain/bin/../lib/gcc/avr/5.4.0/avr6\libgcc.a(_muluhisi3.o)
 .text.libgcc.fmul
                0x00000000        0x0 c:/apps/atmel/studio/7.0/toolchain/avr8/avr8-gnu-toolchain/bin/../lib/gcc/avr/5.4.0/avr6\libgcc.a(_muluhisi3.o)
 .text.libgcc.fixed
                0x00000000        0x0 c:/apps/atmel/studio/7.0/toolchain/avr8/avr8-gnu-toolchain/bin/../lib/gcc/avr/5.4.0/avr6\libgcc.a(_muluhisi3.o)
 .text          0x00000000        0x0 c:/apps/atmel/studio/7.0/toolchain/avr8/avr8-gnu-toolchain/bin/../lib/gcc/avr/5.4.0/avr6\libgcc.a(_mulshisi3.o)
 .data          0x00000000        0x0 c:/apps/atmel/studio/7.0/toolchain/avr8/avr8-gnu-toolchain/bin/../lib/gcc/avr/5.4.0/avr6\libgcc.a(_mulshisi3.o)
 .bss           0x00000000        0x0 c:/apps/atmel/studio/7.0/toolchain/avr8/avr8-gnu-toolchain/bin/../lib/gcc/avr/5.4.0/avr6\libgcc.a(_mulshisi3.o)
 .text.libgcc.div
                0x00000000        0x0 c:/apps/atmel/studio/7.0/toolchain/avr8/avr8-gnu-toolchain/bin/../lib/gcc/avr/5.4.0/avr6\libgcc.a(_mulshisi3.o)
 .text.libgcc   0x00000000        0x0 c:/apps/atmel/studio/7.0/toolchain/avr8/avr8-gnu-toolchain/bin/../lib/gcc/avr/5.4.0/avr6\libgcc.a(_mulshisi3.o)
 .text.libgcc.prologue
                0x00000000        0x0 c:/apps/atmel/studio/7.0/toolchain/avr8/avr8-gnu-toolchain/bin/../lib/gcc/avr/5.4.0/avr6\libgcc.a(_mulshisi3.o)
 .text.libgcc.builtins
                0x00000000        0x0 c:/apps/atmel/studio/7.0/toolchain/avr8/avr8-gnu-toolchain/bin/../lib/gcc/avr/5.4.0/avr6\libgcc.a(_mulshisi3.o)
 .text.libgcc.fmul
                0x00000000        0x0 c:/apps/atmel/studio/7.0/toolchain/avr8/avr8-gnu-toolchain/bin/../lib/gcc/avr/5.4.0/avr6\libgcc.a(_mulshisi3.o)
 .text.libgcc.fixed
                0x00000000        0x0 c:/apps/atmel/studio/7.0/toolchain/avr8/avr8-gnu-toolchain/bin/../lib/gcc/avr/5.4.0/avr6\libgcc.a(_mulshisi3.o)
 .text          0x00000000        0x0 c:/apps/atmel/studio/7.0/toolchain/avr8/avr8-gnu-toolchain/bin/../lib/gcc/avr/5.4.0/avr6\libgcc.a(_umulhisi3.o)
 .data          0x00000000        0x0 c:/apps/atmel/studio/7.0/toolchain/avr8/avr8-gnu-toolchain/bin/../lib/gcc/avr/5.4.0/avr6\libgcc.a(_umulhisi3.o)
 .bss           0x00000000        0x0 c:/apps/atmel/studio/7.0/toolchain/avr8/avr8-gnu-toolchain/bin/../lib/gcc/avr/5.4.0/avr6\libgcc.a(_umulhisi3.o)
 .text.libgcc.div
                0x00000000        0x0 c:/apps/atmel/studio/7.0/toolchain/avr8/avr8-gnu-toolchain/bin/../lib/gcc/avr/5.4.0/avr6\libgcc.a(_umulhisi3.o)
 .text.libgcc   0x00000000        0x0 c:/apps/atmel/studio/7.0/toolchain/avr8/avr8-gnu-toolchain/bin/../lib/gcc/avr/5.4.0/avr6\libgcc.a(_umulhisi3.o)
 .text.libgcc.prologue
                0x00000000        0x0 c:/apps/atmel/studio/7.0/toolchain/avr8/avr8-gnu-toolchain/bin/../lib/gcc/avr/5.4.0/avr6\libgcc.a(_umulhisi3.o)
 .text.libgcc.builtins
                0x00000000        0x0 c:/apps/atmel/studio/7.0/toolchain/avr8/avr8-gnu-toolchain/bin/../lib/gcc/avr/5.4.0/avr6\libgcc.a(_umulhisi3.o)
 .text.libgcc.fmul
                0x00000000        0x0 c:/apps/atmel/studio/7.0/toolchain/avr8/avr8-gnu-toolchain/bin/../lib/gcc/avr/5.4.0/avr6\libgcc.a(_umulhisi3.o)
 .text.libgcc.fixed
                0x00000000        0x0 c:/apps/atmel/studio/7.0/toolchain/avr8/avr8-gnu-toolchain/bin/../lib/gcc/avr/5.4.0/avr6\libgcc.a(_umulhisi3.o)

Memory Configuration

Name             Origin             Length             Attributes
text             0x00000000         0x00040000         xr
data             0x00800200         0x00008000         rw !x
eeprom           0x00810000         0x00002000         rw !x
fuse             0x00820000         0x00000003         rw !x
lock             0x00830000         0x00000400         rw !x
signature        0x00840000         0x00000400         rw !x
user_signatures  0x00850000         0x00000400         rw !x
*default*        0x00000000         0xffffffff

Linker script and memory map

Address of section .data set to 0x800200
LOAD c:/apps/atmel/studio/7.0/toolchain/avr8/avr8-gnu-toolchain/bin/../lib/gcc/avr/5.4.0/../../../../avr/lib/avr6/crtatmega256rfr2.o
LOAD app.o
LOAD main.o
LOAD stack/hal/atmega256rfr2/src/hal.o
LOAD stack/hal/atmega256rfr2/src/halTimer.o
LOAD stack/hal/drivers/atmega256rfr2/src/halSleep.o
LOAD stack/hal/drivers/atmega256rfr2/src/halUart.o
LOAD stack/nwk/src/nwk.o
LOAD stack/nwk/src/nwkDataReq.o
LOAD stack/nwk/src/nwkFrame.o
LOAD stack/nwk/src/nwkGroup.o
LOAD stack/nwk/src/nwkRoute.o
LOAD stack/nwk/src/nwkRouteDiscovery.o
LOAD stack/nwk/src/nwkRx.o
LOAD stack/nwk/src/nwkSecurity.o
LOAD stack/nwk/src/nwkTx.o
LOAD stack/phy/atmega256rfr2/src/phy.o
LOAD stack/sys/src/sys.o
LOAD stack/sys/src/sysEncrypt.o
LOAD stack/sys/src/sysTimer.o
START GROUP
LOAD c:/apps/atmel/studio/7.0/toolchain/avr8/avr8-gnu-toolchain/bin/../lib/gcc/avr/5.4.0/../../../../avr/lib/avr6\libm.a
END GROUP
START GROUP
LOAD c:/apps/atmel/studio/7.0/toolchain/avr8/avr8-gnu-toolchain/bin/../lib/gcc/avr/5.4.0/avr6\libgcc.a
LOAD c:/apps/atmel/studio/7.0/toolchain/avr8/avr8-gnu-toolchain/bin/../lib/gcc/avr/5.4.0/../../../../avr/lib/avr6\libm.a
LOAD c:/apps/atmel/studio/7.0/toolchain/avr8/avr8-gnu-toolchain/bin/../lib/gcc/avr/5.4.0/../../../../avr/lib/avr6\libc.a
LOAD c:/apps/atmel/studio/7.0/toolchain/avr8/avr8-gnu-toolchain/bin/../lib/gcc/avr/5.4.0/../../../../avr/lib/avr6\libatmega256rfr2.a
END GROUP
                [0x00000000]                __TEXT_REGION_ORIGIN__ = DEFINED (__TEXT_REGION_ORIGIN__)?__TEXT_REGION_ORIGIN__:0x0
                [0x00800200]                __DATA_REGION_ORIGIN__ = DEFINED (__DATA_REGION_ORIGIN__)?__DATA_REGION_ORIGIN__:0x800200
                [0x00040000]                __TEXT_REGION_LENGTH__ = DEFINED (__TEXT_REGION_LENGTH__)?__TEXT_REGION_LENGTH__:0x100000
                [0x00008000]                __DATA_REGION_LENGTH__ = DEFINED (__DATA_REGION_LENGTH__)?__DATA_REGION_LENGTH__:0xfe00
                [0x00002000]                __EEPROM_REGION_LENGTH__ = DEFINED (__EEPROM_REGION_LENGTH__)?__EEPROM_REGION_LENGTH__:0x10000
                [0x00000003]                __FUSE_REGION_LENGTH__ = DEFINED (__FUSE_REGION_LENGTH__)?__FUSE_REGION_LENGTH__:0x400
                0x00000400                __LOCK_REGION_LENGTH__ = DEFINED (__LOCK_REGION_LENGTH__)?__LOCK_REGION_LENGTH__:0x400
                0x00000400                __SIGNATURE_REGION_LENGTH__ = DEFINED (__SIGNATURE_REGION_LENGTH__)?__SIGNATURE_REGION_LENGTH__:0x400
                0x00000400                __USER_SIGNATURE_REGION_LENGTH__ = DEFINED (__USER_SIGNATURE_REGION_LENGTH__)?__USER_SIGNATURE_REGION_LENGTH__:0x400

.hash
 *(.hash)

.dynsym
 *(.dynsym)

.dynstr
 *(.dynstr)

.gnu.version
 *(.gnu.version)

.gnu.version_d
 *(.gnu.version_d)

.gnu.version_r
 *(.gnu.version_r)

.rel.init
 *(.rel.init)

.rela.init
 *(.rela.init)

.rel.text
 *(.rel.text)
 *(.rel.text.*)
 *(.rel.gnu.linkonce.t*)

.rela.text
 *(.rela.text)
 *(.rela.text.*)
 *(.rela.gnu.linkonce.t*)

.rel.fini
 *(.rel.fini)

.rela.fini
 *(.rela.fini)

.rel.rodata
 *(.rel.rodata)
 *(.rel.rodata.*)
 *(.rel.gnu.linkonce.r*)

.rela.rodata
 *(.rela.rodata)
 *(.rela.rodata.*)
 *(.rela.gnu.linkonce.r*)

.rel.data
 *(.rel.data)
 *(.rel.data.*)
 *(.rel.gnu.linkonce.d*)

.rela.data
 *(.rela.data)
 *(.rela.data.*)
 *(.rela.gnu.linkonce.d*)

.rel.ctors
 *(.rel.ctors)

.rela.ctors
 *(.rela.ctors)

.rel.dtors
 *(.rel.dtors)

.rela.dtors
 *(.rela.dtors)

.rel.got
 *(.rel.got)

.rela.got
 *(.rela.got)

.rel.bss
 *(.rel.bss)

.rela.bss
 *(.rela.bss)

.rel.plt
 *(.rel.plt)

.rela.plt
 *(.rela.plt)

.text           0x00000000     0x1c92
 *(.vectors)
 .vectors       0x00000000      0x134 c:/apps/atmel/studio/7.0/toolchain/avr8/avr8-gnu-toolchain/bin/../lib/gcc/avr/5.4.0/../../../../avr/lib/avr6/crtatmega256rfr2.o
                0x00000000                __vector_default
                0x00000000                __vectors
 *(.vectors)
 *(.progmem.gcc*)
                0x00000134                . = ALIGN (0x2)
                0x00000134                __trampolines_start = .
 *(.trampolines)
 .trampolines   0x00000134        0x0 linker stubs
 *(.trampolines*)
                0x00000134                __trampolines_end = .
 *libprintf_flt.a:*(.progmem.data)
 *libc.a:*(.progmem.data)
 *(.progmem*)
                0x00000134                . = ALIGN (0x2)
 *(.jumptables)
 *(.jumptables*)
 *(.lowtext)
 *(.lowtext*)
                0x00000134                __ctors_start = .
 *(.ctors)
                0x00000134                __ctors_end = .
                0x00000134                __dtors_start = .
 *(.dtors)
                0x00000134                __dtors_end = .
 SORT(*)(.ctors)
 SORT(*)(.dtors)
 *(.init0)
 .init0         0x00000134        0x0 c:/apps/atmel/studio/7.0/toolchain/avr8/avr8-gnu-toolchain/bin/../lib/gcc/avr/5.4.0/../../../../avr/lib/avr6/crtatmega256rfr2.o
                0x00000134                __init
 *(.init0)
 *(.init1)
 *(.init1)
 *(.init2)
 .init2         0x00000134       0x10 c:/apps/atmel/studio/7.0/toolchain/avr8/avr8-gnu-toolchain/bin/../lib/gcc/avr/5.4.0/../../../../avr/lib/avr6/crtatmega256rfr2.o
 *(.init2)
 *(.init3)
 *(.init3)
 *(.init4)
 .init4         0x00000144       0x1a c:/apps/atmel/studio/7.0/toolchain/avr8/avr8-gnu-toolchain/bin/../lib/gcc/avr/5.4.0/avr6\libgcc.a(_copy_data.o)
                0x00000144                __do_copy_data
 .init4         0x0000015e       0x10 c:/apps/atmel/studio/7.0/toolchain/avr8/avr8-gnu-toolchain/bin/../lib/gcc/avr/5.4.0/avr6\libgcc.a(_clear_bss.o)
                0x0000015e                __do_clear_bss
 *(.init4)
 *(.init5)
 *(.init5)
 *(.init6)
 *(.init6)
 *(.init7)
 *(.init7)
 *(.init8)
 *(.init8)
 *(.init9)
 .init9         0x0000016e        0x6 c:/apps/atmel/studio/7.0/toolchain/avr8/avr8-gnu-toolchain/bin/../lib/gcc/avr/5.4.0/../../../../avr/lib/avr6/crtatmega256rfr2.o
 *(.init9)
 *(.text)
 .text          0x00000174        0x2 c:/apps/atmel/studio/7.0/toolchain/avr8/avr8-gnu-toolchain/bin/../lib/gcc/avr/5.4.0/../../../../avr/lib/avr6/crtatmega256rfr2.o
                0x00000174                __vector_38
                0x00000174                __vector_22
                0x00000174                __vector_63
                0x00000174                __vector_28
                0x00000174                __vector_67
                0x00000174                __vector_1
                0x00000174                __vector_32
                0x00000174                __vector_75
                0x00000174                __vector_71
                0x00000174                __vector_34
                0x00000174                __vector_62
                0x00000174                __vector_24
                0x00000174                __vector_12
                0x00000174                __vector_55
                0x00000174                __vector_69
                0x00000174                __vector_46
                0x00000174                __bad_interrupt
                0x00000174                __vector_72
                0x00000174                __vector_6
                0x00000174                __vector_31
                0x00000174                __vector_35
                0x00000174                __vector_74
                0x00000174                __vector_39
                0x00000174                __vector_3
                0x00000174                __vector_23
                0x00000174                __vector_68
                0x00000174                __vector_30
                0x00000174                __vector_73
                0x00000174                __vector_45
                0x00000174                __vector_25
                0x00000174                __vector_61
                0x00000174                __vector_11
                0x00000174                __vector_54
                0x00000174                __vector_17
                0x00000174                __vector_19
                0x00000174                __vector_56
                0x00000174                __vector_7
                0x00000174                __vector_49
                0x00000174                __vector_41
                0x00000174                __vector_64
                0x00000174                __vector_43
                0x00000174                __vector_27
                0x00000174                __vector_5
                0x00000174                __vector_33
                0x00000174                __vector_76
                0x00000174                __vector_47
                0x00000174                __vector_52
                0x00000174                __vector_4
                0x00000174                __vector_44
                0x00000174                __vector_51
                0x00000174                __vector_9
                0x00000174                __vector_2
                0x00000174                __vector_21
                0x00000174                __vector_15
                0x00000174                __vector_66
                0x00000174                __vector_58
                0x00000174                __vector_70
                0x00000174                __vector_29
                0x00000174                __vector_60
                0x00000174                __vector_40
                0x00000174                __vector_8
                0x00000174                __vector_26
                0x00000174                __vector_48
                0x00000174                __vector_14
                0x00000174                __vector_57
                0x00000174                __vector_53
                0x00000174                __vector_10
                0x00000174                __vector_50
                0x00000174                __vector_16
                0x00000174                __vector_59
                0x00000174                __vector_18
                0x00000174                __vector_20
                0x00000174                __vector_65
                0x00000176                . = ALIGN (0x2)
 *(.text.*)
 .text.APP_dataConf
                0x00000176        0x2 app.o
                0x00000176                APP_dataConf
 .text.HAL_UartBytesReceived
                0x00000178        0x4 app.o
                0x00000178                HAL_UartBytesReceived
 .text.APP_dataSend
                0x0000017c       0x78 app.o
                0x0000017c                APP_dataSend
 .text.APP_pushAddr
                0x000001f4       0x70 app.o
                0x000001f4                APP_pushAddr
 .text.APP_dataRecv
                0x00000264      0x1b6 app.o
                0x00000264                APP_dataRecv
 .text.APP_init
                0x0000041a       0x2e app.o
                0x0000041a                APP_init
 .text.main     0x00000448       0x26 main.o
                0x00000448                main
 .text.HAL_Init
                0x0000046e       0x28 stack/hal/atmega256rfr2/src/hal.o
                0x0000046e                HAL_Init
 .text.HAL_TimerInit
                0x00000496       0x2a stack/hal/atmega256rfr2/src/halTimer.o
                0x00000496                HAL_TimerInit
 .text.__vector_42
                0x000004c0       0x22 stack/hal/atmega256rfr2/src/halTimer.o
                0x000004c0                __vector_42
 .text.__vector_13
                0x000004e2       0x1e stack/hal/drivers/atmega256rfr2/src/halSleep.o
                0x000004e2                __vector_13
 .text.HAL_UartInit
                0x00000500       0xaa stack/hal/drivers/atmega256rfr2/src/halUart.o
                0x00000500                HAL_UartInit
 .text.HAL_UartWriteByte
                0x000005aa       0x4e stack/hal/drivers/atmega256rfr2/src/halUart.o
                0x000005aa                HAL_UartWriteByte
 .text.HAL_UartWriteString
                0x000005f8       0x1c stack/hal/drivers/atmega256rfr2/src/halUart.o
                0x000005f8                HAL_UartWriteString
 .text.__vector_37
                0x00000614       0x38 stack/hal/drivers/atmega256rfr2/src/halUart.o
                0x00000614                __vector_37
 .text.__vector_36
                0x0000064c       0xae stack/hal/drivers/atmega256rfr2/src/halUart.o
                0x0000064c                __vector_36
 .text.HAL_UartTaskHandler
                0x000006fa       0x86 stack/hal/drivers/atmega256rfr2/src/halUart.o
                0x000006fa                HAL_UartTaskHandler
 .text.NWK_Init
                0x00000780       0x2e stack/nwk/src/nwk.o
                0x00000780                NWK_Init
 .text.NWK_SetAddr
                0x000007ae        0xc stack/nwk/src/nwk.o
                0x000007ae                NWK_SetAddr
 .text.NWK_SetPanId
                0x000007ba        0xc stack/nwk/src/nwk.o
                0x000007ba                NWK_SetPanId
 .text.NWK_OpenEndpoint
                0x000007c6       0x12 stack/nwk/src/nwk.o
                0x000007c6                NWK_OpenEndpoint
 .text.NWK_TaskHandler
                0x000007d8        0x8 stack/nwk/src/nwk.o
                0x000007d8                NWK_TaskHandler
 .text.nwkDataReqTxConf
                0x000007e0       0x46 stack/nwk/src/nwkDataReq.o
 .text.nwkDataReqInit
                0x00000826        0xa stack/nwk/src/nwkDataReq.o
                0x00000826                nwkDataReqInit
 .text.NWK_DataReq
                0x00000830       0x48 stack/nwk/src/nwkDataReq.o
                0x00000830                NWK_DataReq
 .text.nwkDataReqTaskHandler
                0x00000878      0x146 stack/nwk/src/nwkDataReq.o
                0x00000878                nwkDataReqTaskHandler
 .text.nwkFrameInit
                0x000009be       0x16 stack/nwk/src/nwkFrame.o
                0x000009be                nwkFrameInit
 .text.nwkFrameAlloc
                0x000009d4       0x72 stack/nwk/src/nwkFrame.o
                0x000009d4                nwkFrameAlloc
 .text.nwkFrameFree
                0x00000a46       0x14 stack/nwk/src/nwkFrame.o
                0x00000a46                nwkFrameFree
 .text.nwkFrameNext
                0x00000a5a       0x4a stack/nwk/src/nwkFrame.o
                0x00000a5a                nwkFrameNext
 .text.nwkFrameCommandInit
                0x00000aa4       0x28 stack/nwk/src/nwkFrame.o
                0x00000aa4                nwkFrameCommandInit
 .text.nwkRouteInit
                0x00000acc       0x40 stack/nwk/src/nwkRoute.o
                0x00000acc                nwkRouteInit
 .text.NWK_RouteFindEntry
                0x00000b0c       0x64 stack/nwk/src/nwkRoute.o
                0x00000b0c                NWK_RouteFindEntry
 .text.NWK_RouteNewEntry
                0x00000b70       0x44 stack/nwk/src/nwkRoute.o
                0x00000b70                NWK_RouteNewEntry
 .text.NWK_RouteFreeEntry
                0x00000bb4       0x14 stack/nwk/src/nwkRoute.o
                0x00000bb4                NWK_RouteFreeEntry
 .text.NWK_RouteNextHop
                0x00000bc8       0x14 stack/nwk/src/nwkRoute.o
                0x00000bc8                NWK_RouteNextHop
 .text.nwkRouteRemove
                0x00000bdc        0xa stack/nwk/src/nwkRoute.o
                0x00000bdc                nwkRouteRemove
 .text.nwkRouteFrameReceived
                0x00000be6       0x9e stack/nwk/src/nwkRoute.o
                0x00000be6                nwkRouteFrameReceived
 .text.nwkRouteFrameSent
                0x00000c84       0x8e stack/nwk/src/nwkRoute.o
                0x00000c84                nwkRouteFrameSent
 .text.nwkRoutePrepareTx
                0x00000d12       0x3e stack/nwk/src/nwkRoute.o
                0x00000d12                nwkRoutePrepareTx
 .text.nwkRouteFrame
                0x00000d50       0x98 stack/nwk/src/nwkRoute.o
                0x00000d50                nwkRouteFrame
 .text.nwkRxServiceDataInd
                0x00000de8        0x4 stack/nwk/src/nwkRx.o
 .text.nwkRxDuplicateRejectionTimerHandler
                0x00000dec       0x2c stack/nwk/src/nwkRx.o
 .text.nwkRxInit
                0x00000e18       0x3a stack/nwk/src/nwkRx.o
                0x00000e18                nwkRxInit
 .text.PHY_DataInd
                0x00000e52       0x54 stack/nwk/src/nwkRx.o
                0x00000e52                PHY_DataInd
 .text.nwkRxTaskHandler
                0x00000ea6      0x478 stack/nwk/src/nwkRx.o
                0x00000ea6                nwkRxTaskHandler
 .text.nwkTxDelayTimerHandler
                0x0000131e       0x58 stack/nwk/src/nwkTx.o
 .text.nwkTxAckWaitTimerHandler
                0x00001376       0x64 stack/nwk/src/nwkTx.o
 .text.nwkTxInit
                0x000013da       0x46 stack/nwk/src/nwkTx.o
                0x000013da                nwkTxInit
 .text.nwkTxFrame
                0x00001420       0x9c stack/nwk/src/nwkTx.o
                0x00001420                nwkTxFrame
 .text.nwkTxBroadcastFrame
                0x000014bc       0x86 stack/nwk/src/nwkTx.o
                0x000014bc                nwkTxBroadcastFrame
 .text.PHY_DataConf
                0x00001542       0x46 stack/nwk/src/nwkTx.o
                0x00001542                PHY_DataConf
 .text.nwkTxTaskHandler
                0x00001588      0x136 stack/nwk/src/nwkTx.o
                0x00001588                nwkTxTaskHandler
 .text.phySetChannel
                0x000016be       0x3c stack/phy/atmega256rfr2/src/phy.o
 .text.phyTrxSetState
                0x000016fa       0x24 stack/phy/atmega256rfr2/src/phy.o
 .text.phySetRxState
                0x0000171e       0x18 stack/phy/atmega256rfr2/src/phy.o
 .text.PHY_Init
                0x00001736       0x2e stack/phy/atmega256rfr2/src/phy.o
                0x00001736                PHY_Init
 .text.PHY_SetRxState
                0x00001764        0x8 stack/phy/atmega256rfr2/src/phy.o
                0x00001764                PHY_SetRxState
 .text.PHY_SetChannel
                0x0000176c        0x8 stack/phy/atmega256rfr2/src/phy.o
                0x0000176c                PHY_SetChannel
 .text.PHY_SetPanId
                0x00001774       0x24 stack/phy/atmega256rfr2/src/phy.o
                0x00001774                PHY_SetPanId
 .text.PHY_SetShortAddr
                0x00001798       0x2e stack/phy/atmega256rfr2/src/phy.o
                0x00001798                PHY_SetShortAddr
 .text.PHY_DataReq
                0x000017c6       0x52 stack/phy/atmega256rfr2/src/phy.o
                0x000017c6                PHY_DataReq
 .text.PHY_TaskHandler
                0x00001818       0xf6 stack/phy/atmega256rfr2/src/phy.o
                0x00001818                PHY_TaskHandler
 .text.SYS_Init
                0x0000190e        0xe stack/sys/src/sys.o
                0x0000190e                SYS_Init
 .text.SYS_TaskHandler
                0x0000191c        0xa stack/sys/src/sys.o
                0x0000191c                SYS_TaskHandler
 .text.placeTimer
                0x00001926       0xc8 stack/sys/src/sysTimer.o
 .text.SYS_TimerInit
                0x000019ee        0xa stack/sys/src/sysTimer.o
                0x000019ee                SYS_TimerInit
 .text.SYS_TimerStarted
                0x000019f8       0x34 stack/sys/src/sysTimer.o
                0x000019f8                SYS_TimerStarted
 .text.SYS_TimerStart
                0x00001a2c       0x16 stack/sys/src/sysTimer.o
                0x00001a2c                SYS_TimerStart
 .text.SYS_TimerTaskHandler
                0x00001a42       0xd6 stack/sys/src/sysTimer.o
                0x00001a42                SYS_TimerTaskHandler
 .text.libgcc.div
                0x00001b18       0x44 c:/apps/atmel/studio/7.0/toolchain/avr8/avr8-gnu-toolchain/bin/../lib/gcc/avr/5.4.0/avr6\libgcc.a(_udivmodsi4.o)
                0x00001b18                __udivmodsi4
 .text.avr-libc
                0x00001b5c       0xaa c:/apps/atmel/studio/7.0/toolchain/avr8/avr8-gnu-toolchain/bin/../lib/gcc/avr/5.4.0/../../../../avr/lib/avr6\libc.a(rand.o)
                0x00001be8                rand_r
                0x00001bea                rand
                0x00001bf0                srand
 .text.avr-libc
                0x00001c06       0x12 c:/apps/atmel/studio/7.0/toolchain/avr8/avr8-gnu-toolchain/bin/../lib/gcc/avr/5.4.0/../../../../avr/lib/avr6\libc.a(memcpy.o)
                0x00001c06                memcpy
 .text.libgcc.div
                0x00001c18       0x28 c:/apps/atmel/studio/7.0/toolchain/avr8/avr8-gnu-toolchain/bin/../lib/gcc/avr/5.4.0/avr6\libgcc.a(_divmodsi4.o)
                0x00001c18                __divmodsi4
 .text.libgcc.div
                0x00001c40       0x10 c:/apps/atmel/studio/7.0/toolchain/avr8/avr8-gnu-toolchain/bin/../lib/gcc/avr/5.4.0/avr6\libgcc.a(_negsi2.o)
                0x00001c40                __negsi2
 .text.libgcc.mul
                0x00001c50       0x14 c:/apps/atmel/studio/7.0/toolchain/avr8/avr8-gnu-toolchain/bin/../lib/gcc/avr/5.4.0/avr6\libgcc.a(_muluhisi3.o)
                0x00001c50                __muluhisi3
 .text.libgcc.mul
                0x00001c64        0xc c:/apps/atmel/studio/7.0/toolchain/avr8/avr8-gnu-toolchain/bin/../lib/gcc/avr/5.4.0/avr6\libgcc.a(_mulshisi3.o)
                0x00001c64                __mulshisi3
                0x00001c68                __mulohisi3
 .text.libgcc.mul
                0x00001c70       0x1e c:/apps/atmel/studio/7.0/toolchain/avr8/avr8-gnu-toolchain/bin/../lib/gcc/avr/5.4.0/avr6\libgcc.a(_umulhisi3.o)
                0x00001c70                __umulhisi3
                0x00001c8e                . = ALIGN (0x2)
 *(.fini9)
 .fini9         0x00001c8e        0x0 c:/apps/atmel/studio/7.0/toolchain/avr8/avr8-gnu-toolchain/bin/../lib/gcc/avr/5.4.0/avr6\libgcc.a(_exit.o)
                0x00001c8e                _exit
                0x00001c8e                exit
 *(.fini9)
 *(.fini8)
 *(.fini8)
 *(.fini7)
 *(.fini7)
 *(.fini6)
 *(.fini6)
 *(.fini5)
 *(.fini5)
 *(.fini4)
 *(.fini4)
 *(.fini3)
 *(.fini3)
 *(.fini2)
 *(.fini2)
 *(.fini1)
 *(.fini1)
 *(.fini0)
 .fini0         0x00001c8e        0x4 c:/apps/atmel/studio/7.0/toolchain/avr8/avr8-gnu-toolchain/bin/../lib/gcc/avr/5.4.0/avr6\libgcc.a(_exit.o)
 *(.fini0)
                0x00001c92                _etext = .

.data           0x00800200       0x90 load address 0x00001c92
                0x00800200                PROVIDE (__data_start, .)
 *(.data)
 .data          0x00800200        0x4 c:/apps/atmel/studio/7.0/toolchain/avr8/avr8-gnu-toolchain/bin/../lib/gcc/avr/5.4.0/../../../../avr/lib/avr6\libc.a(rand.o)
 *(.data*)
 *(.gnu.linkonce.d*)
 *(.rodata)
 *(.rodata*)
 .rodata.str1.1
                0x00800204       0x8c app.o
 *(.gnu.linkonce.r*)
                0x00800290                . = ALIGN (0x2)
                0x00800290                _edata = .
                0x00800290                PROVIDE (__data_end, .)

.bss            0x00800290     0x1d90
                0x00800290                PROVIDE (__bss_start, .)
 *(.bss)
 *(.bss*)
 .bss.routeTablePtr
                0x00800290        0x1 app.o
 .bss.routeTable
                0x00800291      0x600 app.o
 .bss.dataReqBuffer
                0x00800891       0x6d app.o
 .bss.dataReq   0x008008fe       0x11 app.o
 .bss.appState  0x0080090f        0x1 main.o
 .bss.halSleepTimerEvent
                0x00800910        0x1 stack/hal/drivers/atmega256rfr2/src/halSleep.o
 .bss.newData   0x00800911        0x1 stack/hal/drivers/atmega256rfr2/src/halUart.o
 .bss.udrEmpty  0x00800912        0x1 stack/hal/drivers/atmega256rfr2/src/halUart.o
 .bss.rxData    0x00800913      0x191 stack/hal/drivers/atmega256rfr2/src/halUart.o
 .bss.rxFifo    0x00800aa4        0xa stack/hal/drivers/atmega256rfr2/src/halUart.o
 .bss.txData    0x00800aae      0x191 stack/hal/drivers/atmega256rfr2/src/halUart.o
 .bss.txFifo    0x00800c3f        0xa stack/hal/drivers/atmega256rfr2/src/halUart.o
 .bss.nwkDataReqQueue
                0x00800c49        0x2 stack/nwk/src/nwkDataReq.o
 .bss.nwkFrameFrames
                0x00800c4b     0x100e stack/nwk/src/nwkFrame.o
 .bss.nwkRouteTable
                0x00801c59      0x2bc stack/nwk/src/nwkRoute.o
 .bss.nwkRxDuplicateRejectionTimer
                0x00801f15        0xd stack/nwk/src/nwkRx.o
 .bss.nwkRxAckControl
                0x00801f22        0x1 stack/nwk/src/nwkRx.o
 .bss.nwkRxDuplicateRejectionTable
                0x00801f23       0x32 stack/nwk/src/nwkRx.o
 .bss.nwkTxDelayTimer
                0x00801f55        0xd stack/nwk/src/nwkTx.o
 .bss.nwkTxAckWaitTimer
                0x00801f62        0xd stack/nwk/src/nwkTx.o
 .bss.nwkTxPhyActiveFrame
                0x00801f6f        0x2 stack/nwk/src/nwkTx.o
 .bss.phyBand   0x00801f71        0x1 stack/phy/atmega256rfr2/src/phy.o
 .bss.phyChannel
                0x00801f72        0x1 stack/phy/atmega256rfr2/src/phy.o
 .bss.phyRxState
                0x00801f73        0x1 stack/phy/atmega256rfr2/src/phy.o
 .bss.phyRxBuffer
                0x00801f74       0x80 stack/phy/atmega256rfr2/src/phy.o
 .bss.phyState  0x00801ff4        0x1 stack/phy/atmega256rfr2/src/phy.o
 .bss.timers    0x00801ff5        0x2 stack/sys/src/sysTimer.o
 *(COMMON)
 COMMON         0x00801ff7        0x1 stack/hal/atmega256rfr2/src/halTimer.o
                0x00801ff7                halTimerIrqCount
 COMMON         0x00801ff8       0x28 stack/nwk/src/nwk.o
                0x00801ff8                nwkIb
                0x00802020                PROVIDE (__bss_end, .)
                0x00001c92                __data_load_start = LOADADDR (.data)
                0x00001d22                __data_load_end = (__data_load_start + SIZEOF (.data))

.noinit         0x00802020        0x0
                [!provide]                PROVIDE (__noinit_start, .)
 *(.noinit*)
                [!provide]                PROVIDE (__noinit_end, .)
                0x00802020                _end = .
                [!provide]                PROVIDE (__heap_start, .)

.eeprom         0x00810000        0x0
 *(.eeprom*)
                0x00810000                __eeprom_end = .

.fuse
 *(.fuse)
 *(.lfuse)
 *(.hfuse)
 *(.efuse)

.lock
 *(.lock*)

.signature
 *(.signature*)

.user_signatures
 *(.user_signatures*)

.stab
 *(.stab)

.stabstr
 *(.stabstr)

.stab.excl
 *(.stab.excl)

.stab.exclstr
 *(.stab.exclstr)

.stab.index
 *(.stab.index)

.stab.indexstr
 *(.stab.indexstr)

.comment        0x00000000       0x30
 *(.comment)
 .comment       0x00000000       0x30 app.o
                                 0x31 (size before relaxing)
 .comment       0x00000030       0x31 main.o
 .comment       0x00000030       0x31 stack/hal/atmega256rfr2/src/hal.o
 .comment       0x00000030       0x31 stack/hal/atmega256rfr2/src/halTimer.o
 .comment       0x00000030       0x31 stack/hal/drivers/atmega256rfr2/src/halSleep.o
 .comment       0x00000030       0x31 stack/hal/drivers/atmega256rfr2/src/halUart.o
 .comment       0x00000030       0x31 stack/nwk/src/nwk.o
 .comment       0x00000030       0x31 stack/nwk/src/nwkDataReq.o
 .comment       0x00000030       0x31 stack/nwk/src/nwkFrame.o
 .comment       0x00000030       0x31 stack/nwk/src/nwkRoute.o
 .comment       0x00000030       0x31 stack/nwk/src/nwkRx.o
 .comment       0x00000030       0x31 stack/nwk/src/nwkTx.o
 .comment       0x00000030       0x31 stack/phy/atmega256rfr2/src/phy.o
 .comment       0x00000030       0x31 stack/sys/src/sys.o
 .comment       0x00000030       0x31 stack/sys/src/sysTimer.o
 .comment       0x00000030       0x31 c:/apps/atmel/studio/7.0/toolchain/avr8/avr8-gnu-toolchain/bin/../lib/gcc/avr/5.4.0/../../../../avr/lib/avr6\libc.a(rand.o)

.note.gnu.avr.deviceinfo
                0x00000000       0x40
 .note.gnu.avr.deviceinfo
                0x00000000       0x40 c:/apps/atmel/studio/7.0/toolchain/avr8/avr8-gnu-toolchain/bin/../lib/gcc/avr/5.4.0/../../../../avr/lib/avr6/crtatmega256rfr2.o

.note.gnu.build-id
 *(.note.gnu.build-id)

.debug
 *(.debug)

.line
 *(.line)

.debug_srcinfo
 *(.debug_srcinfo)

.debug_sfnames
 *(.debug_sfnames)

.debug_aranges  0x00000000      0x448
 *(.debug_aranges)
 .debug_aranges
                0x00000000       0x50 app.o
 .debug_aranges
                0x00000050       0x20 main.o
 .debug_aranges
                0x00000070       0x28 stack/hal/atmega256rfr2/src/hal.o
 .debug_aranges
                0x00000098       0x30 stack/hal/atmega256rfr2/src/halTimer.o
 .debug_aranges
                0x000000c8       0x28 stack/hal/drivers/atmega256rfr2/src/halSleep.o
 .debug_aranges
                0x000000f0       0x50 stack/hal/drivers/atmega256rfr2/src/halUart.o
 .debug_aranges
                0x00000140       0x70 stack/nwk/src/nwk.o
 .debug_aranges
                0x000001b0       0x38 stack/nwk/src/nwkDataReq.o
 .debug_aranges
                0x000001e8       0x40 stack/nwk/src/nwkFrame.o
 .debug_aranges
                0x00000228       0x80 stack/nwk/src/nwkRoute.o
 .debug_aranges
                0x000002a8       0x48 stack/nwk/src/nwkRx.o
 .debug_aranges
                0x000002f0       0x60 stack/nwk/src/nwkTx.o
 .debug_aranges
                0x00000350       0x88 stack/phy/atmega256rfr2/src/phy.o
 .debug_aranges
                0x000003d8       0x28 stack/sys/src/sys.o
 .debug_aranges
                0x00000400       0x48 stack/sys/src/sysTimer.o

.debug_pubnames
 *(.debug_pubnames)

.debug_info     0x00000000     0x6a65
 *(.debug_info .gnu.linkonce.wi.*)
 .debug_info    0x00000000     0x13e6 c:/apps/atmel/studio/7.0/toolchain/avr8/avr8-gnu-toolchain/bin/../lib/gcc/avr/5.4.0/../../../../avr/lib/avr6/crtatmega256rfr2.o
 .debug_info    0x000013e6      0xa3b app.o
 .debug_info    0x00001e21      0x16b main.o
 .debug_info    0x00001f8c      0x128 stack/hal/atmega256rfr2/src/hal.o
 .debug_info    0x000020b4       0xe4 stack/hal/atmega256rfr2/src/halTimer.o
 .debug_info    0x00002198      0x184 stack/hal/drivers/atmega256rfr2/src/halSleep.o
 .debug_info    0x0000231c      0x35f stack/hal/drivers/atmega256rfr2/src/halUart.o
 .debug_info    0x0000267b      0x588 stack/nwk/src/nwk.o
 .debug_info    0x00002c03      0x83f stack/nwk/src/nwkDataReq.o
 .debug_info    0x00003442      0x62c stack/nwk/src/nwkFrame.o
 .debug_info    0x00003a6e      0xc0c stack/nwk/src/nwkRoute.o
 .debug_info    0x0000467a      0xcc2 stack/nwk/src/nwkRx.o
 .debug_info    0x0000533c      0xae0 stack/nwk/src/nwkTx.o
 .debug_info    0x00005e1c      0x7c4 stack/phy/atmega256rfr2/src/phy.o
 .debug_info    0x000065e0      0x140 stack/sys/src/sys.o
 .debug_info    0x00006720      0x345 stack/sys/src/sysTimer.o

.debug_abbrev   0x00000000     0x2d78
 *(.debug_abbrev)
 .debug_abbrev  0x00000000     0x12d6 c:/apps/atmel/studio/7.0/toolchain/avr8/avr8-gnu-toolchain/bin/../lib/gcc/avr/5.4.0/../../../../avr/lib/avr6/crtatmega256rfr2.o
 .debug_abbrev  0x000012d6      0x20f app.o
 .debug_abbrev  0x000014e5       0xd7 main.o
 .debug_abbrev  0x000015bc       0xc3 stack/hal/atmega256rfr2/src/hal.o
 .debug_abbrev  0x0000167f       0xaa stack/hal/atmega256rfr2/src/halTimer.o
 .debug_abbrev  0x00001729       0xd5 stack/hal/drivers/atmega256rfr2/src/halSleep.o
 .debug_abbrev  0x000017fe      0x180 stack/hal/drivers/atmega256rfr2/src/halUart.o
 .debug_abbrev  0x0000197e      0x1cf stack/nwk/src/nwk.o
 .debug_abbrev  0x00001b4d      0x290 stack/nwk/src/nwkDataReq.o
 .debug_abbrev  0x00001ddd      0x194 stack/nwk/src/nwkFrame.o
 .debug_abbrev  0x00001f71      0x343 stack/nwk/src/nwkRoute.o
 .debug_abbrev  0x000022b4      0x38a stack/nwk/src/nwkRx.o
 .debug_abbrev  0x0000263e      0x30c stack/nwk/src/nwkTx.o
 .debug_abbrev  0x0000294a      0x230 stack/phy/atmega256rfr2/src/phy.o
 .debug_abbrev  0x00002b7a       0x63 stack/sys/src/sys.o
 .debug_abbrev  0x00002bdd      0x19b stack/sys/src/sysTimer.o

.debug_line     0x00000000     0x27e1
 *(.debug_line .debug_line.* .debug_line_end)
 .debug_line    0x00000000       0x1a c:/apps/atmel/studio/7.0/toolchain/avr8/avr8-gnu-toolchain/bin/../lib/gcc/avr/5.4.0/../../../../avr/lib/avr6/crtatmega256rfr2.o
 .debug_line    0x0000001a      0x39c app.o
 .debug_line    0x000003b6       0xcc main.o
 .debug_line    0x00000482      0x167 stack/hal/atmega256rfr2/src/hal.o
 .debug_line    0x000005e9      0x11e stack/hal/atmega256rfr2/src/halTimer.o
 .debug_line    0x00000707      0x1cc stack/hal/drivers/atmega256rfr2/src/halSleep.o
 .debug_line    0x000008d3      0x2de stack/hal/drivers/atmega256rfr2/src/halUart.o
 .debug_line    0x00000bb1      0x2ab stack/nwk/src/nwk.o
 .debug_line    0x00000e5c      0x24c stack/nwk/src/nwkDataReq.o
 .debug_line    0x000010a8      0x1d1 stack/nwk/src/nwkFrame.o
 .debug_line    0x00001279      0x48c stack/nwk/src/nwkRoute.o
 .debug_line    0x00001705      0x490 stack/nwk/src/nwkRx.o
 .debug_line    0x00001b95      0x4ca stack/nwk/src/nwkTx.o
 .debug_line    0x0000205f      0x3cf stack/phy/atmega256rfr2/src/phy.o
 .debug_line    0x0000242e      0x108 stack/sys/src/sys.o
 .debug_line    0x00002536      0x2ab stack/sys/src/sysTimer.o

.debug_frame    0x00000000      0xa34
 *(.debug_frame)
 .debug_frame   0x00000000       0xd0 app.o
 .debug_frame   0x000000d0       0x24 main.o
 .debug_frame   0x000000f4       0x34 stack/hal/atmega256rfr2/src/hal.o
 .debug_frame   0x00000128       0x54 stack/hal/atmega256rfr2/src/halTimer.o
 .debug_frame   0x0000017c       0x50 stack/hal/drivers/atmega256rfr2/src/halSleep.o
 .debug_frame   0x000001cc      0x100 stack/hal/drivers/atmega256rfr2/src/halUart.o
 .debug_frame   0x000002cc       0xd4 stack/nwk/src/nwk.o
 .debug_frame   0x000003a0       0x68 stack/nwk/src/nwkDataReq.o
 .debug_frame   0x00000408       0x64 stack/nwk/src/nwkFrame.o
 .debug_frame   0x0000046c      0x174 stack/nwk/src/nwkRoute.o
 .debug_frame   0x000005e0       0xe0 stack/nwk/src/nwkRx.o
 .debug_frame   0x000006c0      0x144 stack/nwk/src/nwkTx.o
 .debug_frame   0x00000804      0x13c stack/phy/atmega256rfr2/src/phy.o
 .debug_frame   0x00000940       0x34 stack/sys/src/sys.o
 .debug_frame   0x00000974       0xc0 stack/sys/src/sysTimer.o

.debug_str      0x00000000     0x2021
 *(.debug_str)
 .debug_str     0x00000000      0x7f7 c:/apps/atmel/studio/7.0/toolchain/avr8/avr8-gnu-toolchain/bin/../lib/gcc/avr/5.4.0/../../../../avr/lib/avr6/crtatmega256rfr2.o
 .debug_str     0x000007f7      0x520 app.o
                                0x57f (size before relaxing)
 .debug_str     0x00000d17       0x5b main.o
                                0x1dd (size before relaxing)
 .debug_str     0x00000d72       0xa0 stack/hal/atmega256rfr2/src/hal.o
                                0x1cb (size before relaxing)
 .debug_str     0x00000e12       0x47 stack/hal/atmega256rfr2/src/halTimer.o
                                0x1c5 (size before relaxing)
 .debug_str     0x00000e59       0x97 stack/hal/drivers/atmega256rfr2/src/halSleep.o
                                0x210 (size before relaxing)
 .debug_str     0x00000ef0       0xac stack/hal/drivers/atmega256rfr2/src/halUart.o
                                0x2a3 (size before relaxing)
 .debug_str     0x00000f9c      0x149 stack/nwk/src/nwk.o
                                0x3e3 (size before relaxing)
 .debug_str     0x000010e5      0x2a9 stack/nwk/src/nwkDataReq.o
                                0x612 (size before relaxing)
 .debug_str     0x0000138e       0x61 stack/nwk/src/nwkFrame.o
                                0x4b1 (size before relaxing)
 .debug_str     0x000013ef      0x1fa stack/nwk/src/nwkRoute.o
                                0x6bb (size before relaxing)
 .debug_str     0x000015e9      0x2b9 stack/nwk/src/nwkRx.o
                                0x7cd (size before relaxing)
 .debug_str     0x000018a2      0x1d8 stack/nwk/src/nwkTx.o
                                0x784 (size before relaxing)
 .debug_str     0x00001a7a      0x518 stack/phy/atmega256rfr2/src/phy.o
                                0x78e (size before relaxing)
 .debug_str     0x00001f92       0x3a stack/sys/src/sys.o
                                0x1e9 (size before relaxing)
 .debug_str     0x00001fcc       0x55 stack/sys/src/sysTimer.o
                                0x282 (size before relaxing)

.debug_loc      0x00000000     0x2684
 *(.debug_loc)
 .debug_loc     0x00000000      0x369 app.o
 .debug_loc     0x00000369       0x21 stack/hal/atmega256rfr2/src/hal.o
 .debug_loc     0x0000038a       0x62 stack/hal/atmega256rfr2/src/halTimer.o
 .debug_loc     0x000003ec      0x179 stack/hal/drivers/atmega256rfr2/src/halSleep.o
 .debug_loc     0x00000565      0x276 stack/hal/drivers/atmega256rfr2/src/halUart.o
 .debug_loc     0x000007db      0x14d stack/nwk/src/nwk.o
 .debug_loc     0x00000928      0x137 stack/nwk/src/nwkDataReq.o
 .debug_loc     0x00000a5f       0xe2 stack/nwk/src/nwkFrame.o
 .debug_loc     0x00000b41      0x875 stack/nwk/src/nwkRoute.o
 .debug_loc     0x000013b6      0x4e5 stack/nwk/src/nwkRx.o
 .debug_loc     0x0000189b      0x691 stack/nwk/src/nwkTx.o
 .debug_loc     0x00001f2c      0x32a stack/phy/atmega256rfr2/src/phy.o
 .debug_loc     0x00002256      0x42e stack/sys/src/sysTimer.o

.debug_macinfo
 *(.debug_macinfo)

.debug_weaknames
 *(.debug_weaknames)

.debug_funcnames
 *(.debug_funcnames)

.debug_typenames
 *(.debug_typenames)

.debug_varnames
 *(.debug_varnames)

.debug_pubtypes
 *(.debug_pubtypes)

.debug_ranges   0x00000000      0x488
 *(.debug_ranges)
 .debug_ranges  0x00000000       0x40 app.o
 .debug_ranges  0x00000040       0x28 main.o
 .debug_ranges  0x00000068       0x18 stack/hal/atmega256rfr2/src/hal.o
 .debug_ranges  0x00000080       0x20 stack/hal/atmega256rfr2/src/halTimer.o
 .debug_ranges  0x000000a0       0x30 stack/hal/drivers/atmega256rfr2/src/halSleep.o
 .debug_ranges  0x000000d0       0x40 stack/hal/drivers/atmega256rfr2/src/halUart.o
 .debug_ranges  0x00000110       0x60 stack/nwk/src/nwk.o
 .debug_ranges  0x00000170       0x28 stack/nwk/src/nwkDataReq.o
 .debug_ranges  0x00000198       0x30 stack/nwk/src/nwkFrame.o
 .debug_ranges  0x000001c8       0x88 stack/nwk/src/nwkRoute.o
 .debug_ranges  0x00000250       0xd0 stack/nwk/src/nwkRx.o
 .debug_ranges  0x00000320       0x68 stack/nwk/src/nwkTx.o
 .debug_ranges  0x00000388       0x78 stack/phy/atmega256rfr2/src/phy.o
 .debug_ranges  0x00000400       0x18 stack/sys/src/sys.o
 .debug_ranges  0x00000418       0x70 stack/sys/src/sysTimer.o

.debug_macro
 *(.debug_macro)
OUTPUT(LWM_MSSY.elf elf32-avr)
LOAD linker stubs
