Archive member included to satisfy reference by file (symbol)

c:/program files (x86)/atmel/studio/7.0/toolchain/avr8/avr8-gnu-toolchain/bin/../lib/gcc/avr/5.4.0/avr6\libgcc.a(_udivmodsi4.o)
                              stack/hal/drivers/atmega256rfr2/src/halSleep.o (__udivmodsi4)
c:/program files (x86)/atmel/studio/7.0/toolchain/avr8/avr8-gnu-toolchain/bin/../lib/gcc/avr/5.4.0/avr6\libgcc.a(_exit.o)
                              C:/Program Files (x86)/Atmel/Studio/7.0/Packs/atmel/ATmega_DFP/1.0.90/gcc/dev/atmega256rfr2/avr6/crtatmega256rfr2.o (exit)
c:/program files (x86)/atmel/studio/7.0/toolchain/avr8/avr8-gnu-toolchain/bin/../lib/gcc/avr/5.4.0/avr6\libgcc.a(_copy_data.o)
                              stack/nwk/src/nwk.o (__do_copy_data)
c:/program files (x86)/atmel/studio/7.0/toolchain/avr8/avr8-gnu-toolchain/bin/../lib/gcc/avr/5.4.0/avr6\libgcc.a(_clear_bss.o)
                              main.o (__do_clear_bss)
c:/program files (x86)/atmel/studio/7.0/toolchain/avr8/avr8-gnu-toolchain/bin/../lib/gcc/avr/5.4.0/../../../../avr/lib/avr6\libc.a(rand.o)
                              stack/nwk/src/nwkTx.o (rand)
c:/program files (x86)/atmel/studio/7.0/toolchain/avr8/avr8-gnu-toolchain/bin/../lib/gcc/avr/5.4.0/../../../../avr/lib/avr6\libc.a(memcpy.o)
                              main.o (memcpy)
c:/program files (x86)/atmel/studio/7.0/toolchain/avr8/avr8-gnu-toolchain/bin/../lib/gcc/avr/5.4.0/avr6\libgcc.a(_divmodsi4.o)
                              c:/program files (x86)/atmel/studio/7.0/toolchain/avr8/avr8-gnu-toolchain/bin/../lib/gcc/avr/5.4.0/../../../../avr/lib/avr6\libc.a(rand.o) (__divmodsi4)
c:/program files (x86)/atmel/studio/7.0/toolchain/avr8/avr8-gnu-toolchain/bin/../lib/gcc/avr/5.4.0/avr6\libgcc.a(_negsi2.o)
                              c:/program files (x86)/atmel/studio/7.0/toolchain/avr8/avr8-gnu-toolchain/bin/../lib/gcc/avr/5.4.0/avr6\libgcc.a(_divmodsi4.o) (__negsi2)
c:/program files (x86)/atmel/studio/7.0/toolchain/avr8/avr8-gnu-toolchain/bin/../lib/gcc/avr/5.4.0/avr6\libgcc.a(_muluhisi3.o)
                              c:/program files (x86)/atmel/studio/7.0/toolchain/avr8/avr8-gnu-toolchain/bin/../lib/gcc/avr/5.4.0/../../../../avr/lib/avr6\libc.a(rand.o) (__muluhisi3)
c:/program files (x86)/atmel/studio/7.0/toolchain/avr8/avr8-gnu-toolchain/bin/../lib/gcc/avr/5.4.0/avr6\libgcc.a(_mulshisi3.o)
                              c:/program files (x86)/atmel/studio/7.0/toolchain/avr8/avr8-gnu-toolchain/bin/../lib/gcc/avr/5.4.0/../../../../avr/lib/avr6\libc.a(rand.o) (__mulohisi3)
c:/program files (x86)/atmel/studio/7.0/toolchain/avr8/avr8-gnu-toolchain/bin/../lib/gcc/avr/5.4.0/avr6\libgcc.a(_umulhisi3.o)
                              c:/program files (x86)/atmel/studio/7.0/toolchain/avr8/avr8-gnu-toolchain/bin/../lib/gcc/avr/5.4.0/avr6\libgcc.a(_muluhisi3.o) (__umulhisi3)

Allocating common symbols
Common symbol       size              file

nwkIb               0x28              stack/nwk/src/nwk.o
halTimerIrqCount    0x1               stack/hal/atmega256rfr2/src/halTimer.o

Discarded input sections

 .data          0x00000000        0x0 C:/Program Files (x86)/Atmel/Studio/7.0/Packs/atmel/ATmega_DFP/1.0.90/gcc/dev/atmega256rfr2/avr6/crtatmega256rfr2.o
 .bss           0x00000000        0x0 C:/Program Files (x86)/Atmel/Studio/7.0/Packs/atmel/ATmega_DFP/1.0.90/gcc/dev/atmega256rfr2/avr6/crtatmega256rfr2.o
 .text          0x00000000        0x0 main.o
 .data          0x00000000        0x0 main.o
 .bss           0x00000000        0x0 main.o
 .text          0x00000000        0x0 stack/hal/atmega256rfr2/src/hal.o
 .data          0x00000000        0x0 stack/hal/atmega256rfr2/src/hal.o
 .bss           0x00000000        0x0 stack/hal/atmega256rfr2/src/hal.o
 .text.HAL_Delay
                0x00000000        0x8 stack/hal/atmega256rfr2/src/hal.o
 .text          0x00000000        0x0 stack/hal/atmega256rfr2/src/halTimer.o
 .data          0x00000000        0x0 stack/hal/atmega256rfr2/src/halTimer.o
 .bss           0x00000000        0x0 stack/hal/atmega256rfr2/src/halTimer.o
 .text.HAL_TimerDelay
                0x00000000       0x44 stack/hal/atmega256rfr2/src/halTimer.o
 .text          0x00000000        0x0 stack/hal/drivers/atmega256rfr2/src/halSleep.o
 .data          0x00000000        0x0 stack/hal/drivers/atmega256rfr2/src/halSleep.o
 .bss           0x00000000        0x0 stack/hal/drivers/atmega256rfr2/src/halSleep.o
 .text.HAL_Sleep
                0x00000000      0x10c stack/hal/drivers/atmega256rfr2/src/halSleep.o
 .text          0x00000000        0x0 stack/hal/drivers/atmega256rfr2/src/halUart.o
 .data          0x00000000        0x0 stack/hal/drivers/atmega256rfr2/src/halUart.o
 .bss           0x00000000        0x0 stack/hal/drivers/atmega256rfr2/src/halUart.o
 .text          0x00000000        0x0 stack/nwk/src/nwk.o
 .data          0x00000000        0x0 stack/nwk/src/nwk.o
 .bss           0x00000000        0x0 stack/nwk/src/nwk.o
 .text.NWK_Busy
                0x00000000       0x12 stack/nwk/src/nwk.o
 .text.NWK_Lock
                0x00000000       0x10 stack/nwk/src/nwk.o
 .text.NWK_Unlock
                0x00000000       0x10 stack/nwk/src/nwk.o
 .text.NWK_SleepReq
                0x00000000        0x6 stack/nwk/src/nwk.o
 .text.NWK_WakeupReq
                0x00000000        0x6 stack/nwk/src/nwk.o
 .rodata        0x00000000        0x9 stack/nwk/src/nwk.o
 .text.NWK_LinearizeLqi
                0x00000000       0x5c stack/nwk/src/nwk.o
 .text          0x00000000        0x0 stack/nwk/src/nwkDataReq.o
 .data          0x00000000        0x0 stack/nwk/src/nwkDataReq.o
 .bss           0x00000000        0x0 stack/nwk/src/nwkDataReq.o
 .text          0x00000000        0x0 stack/nwk/src/nwkFrame.o
 .data          0x00000000        0x0 stack/nwk/src/nwkFrame.o
 .bss           0x00000000        0x0 stack/nwk/src/nwkFrame.o
 .text          0x00000000        0x0 stack/nwk/src/nwkGroup.o
 .data          0x00000000        0x0 stack/nwk/src/nwkGroup.o
 .bss           0x00000000        0x0 stack/nwk/src/nwkGroup.o
 .debug_info    0x00000000       0x56 stack/nwk/src/nwkGroup.o
 .debug_abbrev  0x00000000       0x26 stack/nwk/src/nwkGroup.o
 .debug_aranges
                0x00000000       0x18 stack/nwk/src/nwkGroup.o
 .debug_line    0x00000000       0x1a stack/nwk/src/nwkGroup.o
 .debug_str     0x00000000      0x179 stack/nwk/src/nwkGroup.o
 .comment       0x00000000       0x31 stack/nwk/src/nwkGroup.o
 .text          0x00000000        0x0 stack/nwk/src/nwkRoute.o
 .data          0x00000000        0x0 stack/nwk/src/nwkRoute.o
 .bss           0x00000000        0x0 stack/nwk/src/nwkRoute.o
 .text.NWK_RouteTable
                0x00000000        0x6 stack/nwk/src/nwkRoute.o
 .text.nwkRouteUpdateEntry
                0x00000000       0x4c stack/nwk/src/nwkRoute.o
 .text          0x00000000        0x0 stack/nwk/src/nwkRouteDiscovery.o
 .data          0x00000000        0x0 stack/nwk/src/nwkRouteDiscovery.o
 .bss           0x00000000        0x0 stack/nwk/src/nwkRouteDiscovery.o
 .debug_info    0x00000000       0x64 stack/nwk/src/nwkRouteDiscovery.o
 .debug_abbrev  0x00000000       0x26 stack/nwk/src/nwkRouteDiscovery.o
 .debug_aranges
                0x00000000       0x18 stack/nwk/src/nwkRouteDiscovery.o
 .debug_line    0x00000000       0x1a stack/nwk/src/nwkRouteDiscovery.o
 .debug_str     0x00000000      0x191 stack/nwk/src/nwkRouteDiscovery.o
 .comment       0x00000000       0x31 stack/nwk/src/nwkRouteDiscovery.o
 .text          0x00000000        0x0 stack/nwk/src/nwkRx.o
 .data          0x00000000        0x0 stack/nwk/src/nwkRx.o
 .bss           0x00000000        0x0 stack/nwk/src/nwkRx.o
 .text.NWK_SetAckControl
                0x00000000        0x6 stack/nwk/src/nwkRx.o
 .text          0x00000000        0x0 stack/nwk/src/nwkSecurity.o
 .data          0x00000000        0x0 stack/nwk/src/nwkSecurity.o
 .bss           0x00000000        0x0 stack/nwk/src/nwkSecurity.o
 .debug_info    0x00000000       0x64 stack/nwk/src/nwkSecurity.o
 .debug_abbrev  0x00000000       0x26 stack/nwk/src/nwkSecurity.o
 .debug_aranges
                0x00000000       0x18 stack/nwk/src/nwkSecurity.o
 .debug_line    0x00000000       0x1a stack/nwk/src/nwkSecurity.o
 .debug_str     0x00000000      0x18b stack/nwk/src/nwkSecurity.o
 .comment       0x00000000       0x31 stack/nwk/src/nwkSecurity.o
 .text          0x00000000        0x0 stack/nwk/src/nwkTx.o
 .data          0x00000000        0x0 stack/nwk/src/nwkTx.o
 .bss           0x00000000        0x0 stack/nwk/src/nwkTx.o
 .text.nwkTxConfirm
                0x00000000        0xe stack/nwk/src/nwkTx.o
 .text          0x00000000        0x0 stack/phy/atmega256rfr2/src/phy.o
 .data          0x00000000        0x0 stack/phy/atmega256rfr2/src/phy.o
 .bss           0x00000000        0x0 stack/phy/atmega256rfr2/src/phy.o
 .text.PHY_SetBand
                0x00000000        0xa stack/phy/atmega256rfr2/src/phy.o
 .text.PHY_SetTxPower
                0x00000000       0x10 stack/phy/atmega256rfr2/src/phy.o
 .text.PHY_Sleep
                0x00000000       0x18 stack/phy/atmega256rfr2/src/phy.o
 .text.PHY_Wakeup
                0x00000000       0x16 stack/phy/atmega256rfr2/src/phy.o
 .text          0x00000000        0x0 stack/sys/src/sys.o
 .data          0x00000000        0x0 stack/sys/src/sys.o
 .bss           0x00000000        0x0 stack/sys/src/sys.o
 .text          0x00000000        0x0 stack/sys/src/sysEncrypt.o
 .data          0x00000000        0x0 stack/sys/src/sysEncrypt.o
 .bss           0x00000000        0x0 stack/sys/src/sysEncrypt.o
 .debug_info    0x00000000       0x56 stack/sys/src/sysEncrypt.o
 .debug_abbrev  0x00000000       0x26 stack/sys/src/sysEncrypt.o
 .debug_aranges
                0x00000000       0x18 stack/sys/src/sysEncrypt.o
 .debug_line    0x00000000       0x1a stack/sys/src/sysEncrypt.o
 .debug_str     0x00000000      0x17b stack/sys/src/sysEncrypt.o
 .comment       0x00000000       0x31 stack/sys/src/sysEncrypt.o
 .text          0x00000000        0x0 stack/sys/src/sysTimer.o
 .data          0x00000000        0x0 stack/sys/src/sysTimer.o
 .bss           0x00000000        0x0 stack/sys/src/sysTimer.o
 .text          0x00000000        0x0 c:/program files (x86)/atmel/studio/7.0/toolchain/avr8/avr8-gnu-toolchain/bin/../lib/gcc/avr/5.4.0/avr6\libgcc.a(_udivmodsi4.o)
 .data          0x00000000        0x0 c:/program files (x86)/atmel/studio/7.0/toolchain/avr8/avr8-gnu-toolchain/bin/../lib/gcc/avr/5.4.0/avr6\libgcc.a(_udivmodsi4.o)
 .bss           0x00000000        0x0 c:/program files (x86)/atmel/studio/7.0/toolchain/avr8/avr8-gnu-toolchain/bin/../lib/gcc/avr/5.4.0/avr6\libgcc.a(_udivmodsi4.o)
 .text.libgcc.mul
                0x00000000        0x0 c:/program files (x86)/atmel/studio/7.0/toolchain/avr8/avr8-gnu-toolchain/bin/../lib/gcc/avr/5.4.0/avr6\libgcc.a(_udivmodsi4.o)
 .text.libgcc   0x00000000        0x0 c:/program files (x86)/atmel/studio/7.0/toolchain/avr8/avr8-gnu-toolchain/bin/../lib/gcc/avr/5.4.0/avr6\libgcc.a(_udivmodsi4.o)
 .text.libgcc.prologue
                0x00000000        0x0 c:/program files (x86)/atmel/studio/7.0/toolchain/avr8/avr8-gnu-toolchain/bin/../lib/gcc/avr/5.4.0/avr6\libgcc.a(_udivmodsi4.o)
 .text.libgcc.builtins
                0x00000000        0x0 c:/program files (x86)/atmel/studio/7.0/toolchain/avr8/avr8-gnu-toolchain/bin/../lib/gcc/avr/5.4.0/avr6\libgcc.a(_udivmodsi4.o)
 .text.libgcc.fmul
                0x00000000        0x0 c:/program files (x86)/atmel/studio/7.0/toolchain/avr8/avr8-gnu-toolchain/bin/../lib/gcc/avr/5.4.0/avr6\libgcc.a(_udivmodsi4.o)
 .text.libgcc.fixed
                0x00000000        0x0 c:/program files (x86)/atmel/studio/7.0/toolchain/avr8/avr8-gnu-toolchain/bin/../lib/gcc/avr/5.4.0/avr6\libgcc.a(_udivmodsi4.o)
 .text          0x00000000        0x0 c:/program files (x86)/atmel/studio/7.0/toolchain/avr8/avr8-gnu-toolchain/bin/../lib/gcc/avr/5.4.0/avr6\libgcc.a(_exit.o)
 .data          0x00000000        0x0 c:/program files (x86)/atmel/studio/7.0/toolchain/avr8/avr8-gnu-toolchain/bin/../lib/gcc/avr/5.4.0/avr6\libgcc.a(_exit.o)
 .bss           0x00000000        0x0 c:/program files (x86)/atmel/studio/7.0/toolchain/avr8/avr8-gnu-toolchain/bin/../lib/gcc/avr/5.4.0/avr6\libgcc.a(_exit.o)
 .text.libgcc.mul
                0x00000000        0x0 c:/program files (x86)/atmel/studio/7.0/toolchain/avr8/avr8-gnu-toolchain/bin/../lib/gcc/avr/5.4.0/avr6\libgcc.a(_exit.o)
 .text.libgcc.div
                0x00000000        0x0 c:/program files (x86)/atmel/studio/7.0/toolchain/avr8/avr8-gnu-toolchain/bin/../lib/gcc/avr/5.4.0/avr6\libgcc.a(_exit.o)
 .text.libgcc   0x00000000        0x0 c:/program files (x86)/atmel/studio/7.0/toolchain/avr8/avr8-gnu-toolchain/bin/../lib/gcc/avr/5.4.0/avr6\libgcc.a(_exit.o)
 .text.libgcc.prologue
                0x00000000        0x0 c:/program files (x86)/atmel/studio/7.0/toolchain/avr8/avr8-gnu-toolchain/bin/../lib/gcc/avr/5.4.0/avr6\libgcc.a(_exit.o)
 .text.libgcc.builtins
                0x00000000        0x0 c:/program files (x86)/atmel/studio/7.0/toolchain/avr8/avr8-gnu-toolchain/bin/../lib/gcc/avr/5.4.0/avr6\libgcc.a(_exit.o)
 .text.libgcc.fmul
                0x00000000        0x0 c:/program files (x86)/atmel/studio/7.0/toolchain/avr8/avr8-gnu-toolchain/bin/../lib/gcc/avr/5.4.0/avr6\libgcc.a(_exit.o)
 .text.libgcc.fixed
                0x00000000        0x0 c:/program files (x86)/atmel/studio/7.0/toolchain/avr8/avr8-gnu-toolchain/bin/../lib/gcc/avr/5.4.0/avr6\libgcc.a(_exit.o)
 .text          0x00000000        0x0 c:/program files (x86)/atmel/studio/7.0/toolchain/avr8/avr8-gnu-toolchain/bin/../lib/gcc/avr/5.4.0/avr6\libgcc.a(_copy_data.o)
 .data          0x00000000        0x0 c:/program files (x86)/atmel/studio/7.0/toolchain/avr8/avr8-gnu-toolchain/bin/../lib/gcc/avr/5.4.0/avr6\libgcc.a(_copy_data.o)
 .bss           0x00000000        0x0 c:/program files (x86)/atmel/studio/7.0/toolchain/avr8/avr8-gnu-toolchain/bin/../lib/gcc/avr/5.4.0/avr6\libgcc.a(_copy_data.o)
 .text.libgcc.mul
                0x00000000        0x0 c:/program files (x86)/atmel/studio/7.0/toolchain/avr8/avr8-gnu-toolchain/bin/../lib/gcc/avr/5.4.0/avr6\libgcc.a(_copy_data.o)
 .text.libgcc.div
                0x00000000        0x0 c:/program files (x86)/atmel/studio/7.0/toolchain/avr8/avr8-gnu-toolchain/bin/../lib/gcc/avr/5.4.0/avr6\libgcc.a(_copy_data.o)
 .text.libgcc   0x00000000        0x0 c:/program files (x86)/atmel/studio/7.0/toolchain/avr8/avr8-gnu-toolchain/bin/../lib/gcc/avr/5.4.0/avr6\libgcc.a(_copy_data.o)
 .text.libgcc.prologue
                0x00000000        0x0 c:/program files (x86)/atmel/studio/7.0/toolchain/avr8/avr8-gnu-toolchain/bin/../lib/gcc/avr/5.4.0/avr6\libgcc.a(_copy_data.o)
 .text.libgcc.builtins
                0x00000000        0x0 c:/program files (x86)/atmel/studio/7.0/toolchain/avr8/avr8-gnu-toolchain/bin/../lib/gcc/avr/5.4.0/avr6\libgcc.a(_copy_data.o)
 .text.libgcc.fmul
                0x00000000        0x0 c:/program files (x86)/atmel/studio/7.0/toolchain/avr8/avr8-gnu-toolchain/bin/../lib/gcc/avr/5.4.0/avr6\libgcc.a(_copy_data.o)
 .text.libgcc.fixed
                0x00000000        0x0 c:/program files (x86)/atmel/studio/7.0/toolchain/avr8/avr8-gnu-toolchain/bin/../lib/gcc/avr/5.4.0/avr6\libgcc.a(_copy_data.o)
 .text          0x00000000        0x0 c:/program files (x86)/atmel/studio/7.0/toolchain/avr8/avr8-gnu-toolchain/bin/../lib/gcc/avr/5.4.0/avr6\libgcc.a(_clear_bss.o)
 .data          0x00000000        0x0 c:/program files (x86)/atmel/studio/7.0/toolchain/avr8/avr8-gnu-toolchain/bin/../lib/gcc/avr/5.4.0/avr6\libgcc.a(_clear_bss.o)
 .bss           0x00000000        0x0 c:/program files (x86)/atmel/studio/7.0/toolchain/avr8/avr8-gnu-toolchain/bin/../lib/gcc/avr/5.4.0/avr6\libgcc.a(_clear_bss.o)
 .text.libgcc.mul
                0x00000000        0x0 c:/program files (x86)/atmel/studio/7.0/toolchain/avr8/avr8-gnu-toolchain/bin/../lib/gcc/avr/5.4.0/avr6\libgcc.a(_clear_bss.o)
 .text.libgcc.div
                0x00000000        0x0 c:/program files (x86)/atmel/studio/7.0/toolchain/avr8/avr8-gnu-toolchain/bin/../lib/gcc/avr/5.4.0/avr6\libgcc.a(_clear_bss.o)
 .text.libgcc   0x00000000        0x0 c:/program files (x86)/atmel/studio/7.0/toolchain/avr8/avr8-gnu-toolchain/bin/../lib/gcc/avr/5.4.0/avr6\libgcc.a(_clear_bss.o)
 .text.libgcc.prologue
                0x00000000        0x0 c:/program files (x86)/atmel/studio/7.0/toolchain/avr8/avr8-gnu-toolchain/bin/../lib/gcc/avr/5.4.0/avr6\libgcc.a(_clear_bss.o)
 .text.libgcc.builtins
                0x00000000        0x0 c:/program files (x86)/atmel/studio/7.0/toolchain/avr8/avr8-gnu-toolchain/bin/../lib/gcc/avr/5.4.0/avr6\libgcc.a(_clear_bss.o)
 .text.libgcc.fmul
                0x00000000        0x0 c:/program files (x86)/atmel/studio/7.0/toolchain/avr8/avr8-gnu-toolchain/bin/../lib/gcc/avr/5.4.0/avr6\libgcc.a(_clear_bss.o)
 .text.libgcc.fixed
                0x00000000        0x0 c:/program files (x86)/atmel/studio/7.0/toolchain/avr8/avr8-gnu-toolchain/bin/../lib/gcc/avr/5.4.0/avr6\libgcc.a(_clear_bss.o)
 .text          0x00000000        0x0 c:/program files (x86)/atmel/studio/7.0/toolchain/avr8/avr8-gnu-toolchain/bin/../lib/gcc/avr/5.4.0/../../../../avr/lib/avr6\libc.a(rand.o)
 .bss           0x00000000        0x0 c:/program files (x86)/atmel/studio/7.0/toolchain/avr8/avr8-gnu-toolchain/bin/../lib/gcc/avr/5.4.0/../../../../avr/lib/avr6\libc.a(rand.o)
 .text          0x00000000        0x0 c:/program files (x86)/atmel/studio/7.0/toolchain/avr8/avr8-gnu-toolchain/bin/../lib/gcc/avr/5.4.0/../../../../avr/lib/avr6\libc.a(memcpy.o)
 .data          0x00000000        0x0 c:/program files (x86)/atmel/studio/7.0/toolchain/avr8/avr8-gnu-toolchain/bin/../lib/gcc/avr/5.4.0/../../../../avr/lib/avr6\libc.a(memcpy.o)
 .bss           0x00000000        0x0 c:/program files (x86)/atmel/studio/7.0/toolchain/avr8/avr8-gnu-toolchain/bin/../lib/gcc/avr/5.4.0/../../../../avr/lib/avr6\libc.a(memcpy.o)
 .text          0x00000000        0x0 c:/program files (x86)/atmel/studio/7.0/toolchain/avr8/avr8-gnu-toolchain/bin/../lib/gcc/avr/5.4.0/avr6\libgcc.a(_divmodsi4.o)
 .data          0x00000000        0x0 c:/program files (x86)/atmel/studio/7.0/toolchain/avr8/avr8-gnu-toolchain/bin/../lib/gcc/avr/5.4.0/avr6\libgcc.a(_divmodsi4.o)
 .bss           0x00000000        0x0 c:/program files (x86)/atmel/studio/7.0/toolchain/avr8/avr8-gnu-toolchain/bin/../lib/gcc/avr/5.4.0/avr6\libgcc.a(_divmodsi4.o)
 .text.libgcc.mul
                0x00000000        0x0 c:/program files (x86)/atmel/studio/7.0/toolchain/avr8/avr8-gnu-toolchain/bin/../lib/gcc/avr/5.4.0/avr6\libgcc.a(_divmodsi4.o)
 .text.libgcc   0x00000000        0x0 c:/program files (x86)/atmel/studio/7.0/toolchain/avr8/avr8-gnu-toolchain/bin/../lib/gcc/avr/5.4.0/avr6\libgcc.a(_divmodsi4.o)
 .text.libgcc.prologue
                0x00000000        0x0 c:/program files (x86)/atmel/studio/7.0/toolchain/avr8/avr8-gnu-toolchain/bin/../lib/gcc/avr/5.4.0/avr6\libgcc.a(_divmodsi4.o)
 .text.libgcc.builtins
                0x00000000        0x0 c:/program files (x86)/atmel/studio/7.0/toolchain/avr8/avr8-gnu-toolchain/bin/../lib/gcc/avr/5.4.0/avr6\libgcc.a(_divmodsi4.o)
 .text.libgcc.fmul
                0x00000000        0x0 c:/program files (x86)/atmel/studio/7.0/toolchain/avr8/avr8-gnu-toolchain/bin/../lib/gcc/avr/5.4.0/avr6\libgcc.a(_divmodsi4.o)
 .text.libgcc.fixed
                0x00000000        0x0 c:/program files (x86)/atmel/studio/7.0/toolchain/avr8/avr8-gnu-toolchain/bin/../lib/gcc/avr/5.4.0/avr6\libgcc.a(_divmodsi4.o)
 .text          0x00000000        0x0 c:/program files (x86)/atmel/studio/7.0/toolchain/avr8/avr8-gnu-toolchain/bin/../lib/gcc/avr/5.4.0/avr6\libgcc.a(_negsi2.o)
 .data          0x00000000        0x0 c:/program files (x86)/atmel/studio/7.0/toolchain/avr8/avr8-gnu-toolchain/bin/../lib/gcc/avr/5.4.0/avr6\libgcc.a(_negsi2.o)
 .bss           0x00000000        0x0 c:/program files (x86)/atmel/studio/7.0/toolchain/avr8/avr8-gnu-toolchain/bin/../lib/gcc/avr/5.4.0/avr6\libgcc.a(_negsi2.o)
 .text.libgcc.mul
                0x00000000        0x0 c:/program files (x86)/atmel/studio/7.0/toolchain/avr8/avr8-gnu-toolchain/bin/../lib/gcc/avr/5.4.0/avr6\libgcc.a(_negsi2.o)
 .text.libgcc   0x00000000        0x0 c:/program files (x86)/atmel/studio/7.0/toolchain/avr8/avr8-gnu-toolchain/bin/../lib/gcc/avr/5.4.0/avr6\libgcc.a(_negsi2.o)
 .text.libgcc.prologue
                0x00000000        0x0 c:/program files (x86)/atmel/studio/7.0/toolchain/avr8/avr8-gnu-toolchain/bin/../lib/gcc/avr/5.4.0/avr6\libgcc.a(_negsi2.o)
 .text.libgcc.builtins
                0x00000000        0x0 c:/program files (x86)/atmel/studio/7.0/toolchain/avr8/avr8-gnu-toolchain/bin/../lib/gcc/avr/5.4.0/avr6\libgcc.a(_negsi2.o)
 .text.libgcc.fmul
                0x00000000        0x0 c:/program files (x86)/atmel/studio/7.0/toolchain/avr8/avr8-gnu-toolchain/bin/../lib/gcc/avr/5.4.0/avr6\libgcc.a(_negsi2.o)
 .text.libgcc.fixed
                0x00000000        0x0 c:/program files (x86)/atmel/studio/7.0/toolchain/avr8/avr8-gnu-toolchain/bin/../lib/gcc/avr/5.4.0/avr6\libgcc.a(_negsi2.o)
 .text          0x00000000        0x0 c:/program files (x86)/atmel/studio/7.0/toolchain/avr8/avr8-gnu-toolchain/bin/../lib/gcc/avr/5.4.0/avr6\libgcc.a(_muluhisi3.o)
 .data          0x00000000        0x0 c:/program files (x86)/atmel/studio/7.0/toolchain/avr8/avr8-gnu-toolchain/bin/../lib/gcc/avr/5.4.0/avr6\libgcc.a(_muluhisi3.o)
 .bss           0x00000000        0x0 c:/program files (x86)/atmel/studio/7.0/toolchain/avr8/avr8-gnu-toolchain/bin/../lib/gcc/avr/5.4.0/avr6\libgcc.a(_muluhisi3.o)
 .text.libgcc.div
                0x00000000        0x0 c:/program files (x86)/atmel/studio/7.0/toolchain/avr8/avr8-gnu-toolchain/bin/../lib/gcc/avr/5.4.0/avr6\libgcc.a(_muluhisi3.o)
 .text.libgcc   0x00000000        0x0 c:/program files (x86)/atmel/studio/7.0/toolchain/avr8/avr8-gnu-toolchain/bin/../lib/gcc/avr/5.4.0/avr6\libgcc.a(_muluhisi3.o)
 .text.libgcc.prologue
                0x00000000        0x0 c:/program files (x86)/atmel/studio/7.0/toolchain/avr8/avr8-gnu-toolchain/bin/../lib/gcc/avr/5.4.0/avr6\libgcc.a(_muluhisi3.o)
 .text.libgcc.builtins
                0x00000000        0x0 c:/program files (x86)/atmel/studio/7.0/toolchain/avr8/avr8-gnu-toolchain/bin/../lib/gcc/avr/5.4.0/avr6\libgcc.a(_muluhisi3.o)
 .text.libgcc.fmul
                0x00000000        0x0 c:/program files (x86)/atmel/studio/7.0/toolchain/avr8/avr8-gnu-toolchain/bin/../lib/gcc/avr/5.4.0/avr6\libgcc.a(_muluhisi3.o)
 .text.libgcc.fixed
                0x00000000        0x0 c:/program files (x86)/atmel/studio/7.0/toolchain/avr8/avr8-gnu-toolchain/bin/../lib/gcc/avr/5.4.0/avr6\libgcc.a(_muluhisi3.o)
 .text          0x00000000        0x0 c:/program files (x86)/atmel/studio/7.0/toolchain/avr8/avr8-gnu-toolchain/bin/../lib/gcc/avr/5.4.0/avr6\libgcc.a(_mulshisi3.o)
 .data          0x00000000        0x0 c:/program files (x86)/atmel/studio/7.0/toolchain/avr8/avr8-gnu-toolchain/bin/../lib/gcc/avr/5.4.0/avr6\libgcc.a(_mulshisi3.o)
 .bss           0x00000000        0x0 c:/program files (x86)/atmel/studio/7.0/toolchain/avr8/avr8-gnu-toolchain/bin/../lib/gcc/avr/5.4.0/avr6\libgcc.a(_mulshisi3.o)
 .text.libgcc.div
                0x00000000        0x0 c:/program files (x86)/atmel/studio/7.0/toolchain/avr8/avr8-gnu-toolchain/bin/../lib/gcc/avr/5.4.0/avr6\libgcc.a(_mulshisi3.o)
 .text.libgcc   0x00000000        0x0 c:/program files (x86)/atmel/studio/7.0/toolchain/avr8/avr8-gnu-toolchain/bin/../lib/gcc/avr/5.4.0/avr6\libgcc.a(_mulshisi3.o)
 .text.libgcc.prologue
                0x00000000        0x0 c:/program files (x86)/atmel/studio/7.0/toolchain/avr8/avr8-gnu-toolchain/bin/../lib/gcc/avr/5.4.0/avr6\libgcc.a(_mulshisi3.o)
 .text.libgcc.builtins
                0x00000000        0x0 c:/program files (x86)/atmel/studio/7.0/toolchain/avr8/avr8-gnu-toolchain/bin/../lib/gcc/avr/5.4.0/avr6\libgcc.a(_mulshisi3.o)
 .text.libgcc.fmul
                0x00000000        0x0 c:/program files (x86)/atmel/studio/7.0/toolchain/avr8/avr8-gnu-toolchain/bin/../lib/gcc/avr/5.4.0/avr6\libgcc.a(_mulshisi3.o)
 .text.libgcc.fixed
                0x00000000        0x0 c:/program files (x86)/atmel/studio/7.0/toolchain/avr8/avr8-gnu-toolchain/bin/../lib/gcc/avr/5.4.0/avr6\libgcc.a(_mulshisi3.o)
 .text          0x00000000        0x0 c:/program files (x86)/atmel/studio/7.0/toolchain/avr8/avr8-gnu-toolchain/bin/../lib/gcc/avr/5.4.0/avr6\libgcc.a(_umulhisi3.o)
 .data          0x00000000        0x0 c:/program files (x86)/atmel/studio/7.0/toolchain/avr8/avr8-gnu-toolchain/bin/../lib/gcc/avr/5.4.0/avr6\libgcc.a(_umulhisi3.o)
 .bss           0x00000000        0x0 c:/program files (x86)/atmel/studio/7.0/toolchain/avr8/avr8-gnu-toolchain/bin/../lib/gcc/avr/5.4.0/avr6\libgcc.a(_umulhisi3.o)
 .text.libgcc.div
                0x00000000        0x0 c:/program files (x86)/atmel/studio/7.0/toolchain/avr8/avr8-gnu-toolchain/bin/../lib/gcc/avr/5.4.0/avr6\libgcc.a(_umulhisi3.o)
 .text.libgcc   0x00000000        0x0 c:/program files (x86)/atmel/studio/7.0/toolchain/avr8/avr8-gnu-toolchain/bin/../lib/gcc/avr/5.4.0/avr6\libgcc.a(_umulhisi3.o)
 .text.libgcc.prologue
                0x00000000        0x0 c:/program files (x86)/atmel/studio/7.0/toolchain/avr8/avr8-gnu-toolchain/bin/../lib/gcc/avr/5.4.0/avr6\libgcc.a(_umulhisi3.o)
 .text.libgcc.builtins
                0x00000000        0x0 c:/program files (x86)/atmel/studio/7.0/toolchain/avr8/avr8-gnu-toolchain/bin/../lib/gcc/avr/5.4.0/avr6\libgcc.a(_umulhisi3.o)
 .text.libgcc.fmul
                0x00000000        0x0 c:/program files (x86)/atmel/studio/7.0/toolchain/avr8/avr8-gnu-toolchain/bin/../lib/gcc/avr/5.4.0/avr6\libgcc.a(_umulhisi3.o)
 .text.libgcc.fixed
                0x00000000        0x0 c:/program files (x86)/atmel/studio/7.0/toolchain/avr8/avr8-gnu-toolchain/bin/../lib/gcc/avr/5.4.0/avr6\libgcc.a(_umulhisi3.o)

Memory Configuration

Name             Origin             Length             Attributes
text             0x00000000         0x00100000         xr
data             0x00800200         0x0000fe00         rw !x
eeprom           0x00810000         0x00010000         rw !x
fuse             0x00820000         0x00000400         rw !x
lock             0x00830000         0x00000400         rw !x
signature        0x00840000         0x00000400         rw !x
user_signatures  0x00850000         0x00000400         rw !x
*default*        0x00000000         0xffffffff

Linker script and memory map

Address of section .data set to 0x800200
LOAD C:/Program Files (x86)/Atmel/Studio/7.0/Packs/atmel/ATmega_DFP/1.0.90/gcc/dev/atmega256rfr2/avr6/crtatmega256rfr2.o
LOAD main.o
LOAD stack/hal/atmega256rfr2/src/hal.o
LOAD stack/hal/atmega256rfr2/src/halTimer.o
LOAD stack/hal/drivers/atmega256rfr2/src/halSleep.o
LOAD stack/hal/drivers/atmega256rfr2/src/halUart.o
LOAD stack/nwk/src/nwk.o
LOAD stack/nwk/src/nwkDataReq.o
LOAD stack/nwk/src/nwkFrame.o
LOAD stack/nwk/src/nwkGroup.o
LOAD stack/nwk/src/nwkRoute.o
LOAD stack/nwk/src/nwkRouteDiscovery.o
LOAD stack/nwk/src/nwkRx.o
LOAD stack/nwk/src/nwkSecurity.o
LOAD stack/nwk/src/nwkTx.o
LOAD stack/phy/atmega256rfr2/src/phy.o
LOAD stack/sys/src/sys.o
LOAD stack/sys/src/sysEncrypt.o
LOAD stack/sys/src/sysTimer.o
START GROUP
LOAD c:/program files (x86)/atmel/studio/7.0/toolchain/avr8/avr8-gnu-toolchain/bin/../lib/gcc/avr/5.4.0/../../../../avr/lib/avr6\libm.a
END GROUP
START GROUP
LOAD c:/program files (x86)/atmel/studio/7.0/toolchain/avr8/avr8-gnu-toolchain/bin/../lib/gcc/avr/5.4.0/avr6\libgcc.a
LOAD c:/program files (x86)/atmel/studio/7.0/toolchain/avr8/avr8-gnu-toolchain/bin/../lib/gcc/avr/5.4.0/../../../../avr/lib/avr6\libm.a
LOAD c:/program files (x86)/atmel/studio/7.0/toolchain/avr8/avr8-gnu-toolchain/bin/../lib/gcc/avr/5.4.0/../../../../avr/lib/avr6\libc.a
LOAD C:/Program Files (x86)/Atmel/Studio/7.0/Packs/atmel/ATmega_DFP/1.0.90/gcc/dev/atmega256rfr2/avr6\libatmega256rfr2.a
END GROUP
                0x00100000                __TEXT_REGION_LENGTH__ = DEFINED (__TEXT_REGION_LENGTH__)?__TEXT_REGION_LENGTH__:0x100000
                0x0000fe00                __DATA_REGION_LENGTH__ = DEFINED (__DATA_REGION_LENGTH__)?__DATA_REGION_LENGTH__:0xfe00
                0x00010000                __EEPROM_REGION_LENGTH__ = DEFINED (__EEPROM_REGION_LENGTH__)?__EEPROM_REGION_LENGTH__:0x10000
                0x00000400                __FUSE_REGION_LENGTH__ = DEFINED (__FUSE_REGION_LENGTH__)?__FUSE_REGION_LENGTH__:0x400
                0x00000400                __LOCK_REGION_LENGTH__ = DEFINED (__LOCK_REGION_LENGTH__)?__LOCK_REGION_LENGTH__:0x400
                0x00000400                __SIGNATURE_REGION_LENGTH__ = DEFINED (__SIGNATURE_REGION_LENGTH__)?__SIGNATURE_REGION_LENGTH__:0x400
                0x00000400                __USER_SIGNATURE_REGION_LENGTH__ = DEFINED (__USER_SIGNATURE_REGION_LENGTH__)?__USER_SIGNATURE_REGION_LENGTH__:0x400

.hash
 *(.hash)

.dynsym
 *(.dynsym)

.dynstr
 *(.dynstr)

.gnu.version
 *(.gnu.version)

.gnu.version_d
 *(.gnu.version_d)

.gnu.version_r
 *(.gnu.version_r)

.rel.init
 *(.rel.init)

.rela.init
 *(.rela.init)

.rel.text
 *(.rel.text)
 *(.rel.text.*)
 *(.rel.gnu.linkonce.t*)

.rela.text
 *(.rela.text)
 *(.rela.text.*)
 *(.rela.gnu.linkonce.t*)

.rel.fini
 *(.rel.fini)

.rela.fini
 *(.rela.fini)

.rel.rodata
 *(.rel.rodata)
 *(.rel.rodata.*)
 *(.rel.gnu.linkonce.r*)

.rela.rodata
 *(.rela.rodata)
 *(.rela.rodata.*)
 *(.rela.gnu.linkonce.r*)

.rel.data
 *(.rel.data)
 *(.rel.data.*)
 *(.rel.gnu.linkonce.d*)

.rela.data
 *(.rela.data)
 *(.rela.data.*)
 *(.rela.gnu.linkonce.d*)

.rel.ctors
 *(.rel.ctors)

.rela.ctors
 *(.rela.ctors)

.rel.dtors
 *(.rel.dtors)

.rela.dtors
 *(.rela.dtors)

.rel.got
 *(.rel.got)

.rela.got
 *(.rela.got)

.rel.bss
 *(.rel.bss)

.rela.bss
 *(.rela.bss)

.rel.plt
 *(.rel.plt)

.rela.plt
 *(.rela.plt)

.text           0x00000000     0x1c48
 *(.vectors)
 .vectors       0x00000000      0x134 C:/Program Files (x86)/Atmel/Studio/7.0/Packs/atmel/ATmega_DFP/1.0.90/gcc/dev/atmega256rfr2/avr6/crtatmega256rfr2.o
                0x00000000                __vector_default
                0x00000000                __vectors
 *(.vectors)
 *(.progmem.gcc*)
                0x00000134                . = ALIGN (0x2)
                0x00000134                __trampolines_start = .
 *(.trampolines)
 .trampolines   0x00000134        0x0 linker stubs
 *(.trampolines*)
                0x00000134                __trampolines_end = .
 *libprintf_flt.a:*(.progmem.data)
 *libc.a:*(.progmem.data)
 *(.progmem*)
                0x00000134                . = ALIGN (0x2)
 *(.jumptables)
 *(.jumptables*)
 *(.lowtext)
 *(.lowtext*)
                0x00000134                __ctors_start = .
 *(.ctors)
                0x00000134                __ctors_end = .
                0x00000134                __dtors_start = .
 *(.dtors)
                0x00000134                __dtors_end = .
 SORT(*)(.ctors)
 SORT(*)(.dtors)
 *(.init0)
 .init0         0x00000134        0x0 C:/Program Files (x86)/Atmel/Studio/7.0/Packs/atmel/ATmega_DFP/1.0.90/gcc/dev/atmega256rfr2/avr6/crtatmega256rfr2.o
                0x00000134                __init
 *(.init0)
 *(.init1)
 *(.init1)
 *(.init2)
 .init2         0x00000134       0x10 C:/Program Files (x86)/Atmel/Studio/7.0/Packs/atmel/ATmega_DFP/1.0.90/gcc/dev/atmega256rfr2/avr6/crtatmega256rfr2.o
 *(.init2)
 *(.init3)
 *(.init3)
 *(.init4)
 .init4         0x00000144       0x1a c:/program files (x86)/atmel/studio/7.0/toolchain/avr8/avr8-gnu-toolchain/bin/../lib/gcc/avr/5.4.0/avr6\libgcc.a(_copy_data.o)
                0x00000144                __do_copy_data
 .init4         0x0000015e       0x10 c:/program files (x86)/atmel/studio/7.0/toolchain/avr8/avr8-gnu-toolchain/bin/../lib/gcc/avr/5.4.0/avr6\libgcc.a(_clear_bss.o)
                0x0000015e                __do_clear_bss
 *(.init4)
 *(.init5)
 *(.init5)
 *(.init6)
 *(.init6)
 *(.init7)
 *(.init7)
 *(.init8)
 *(.init8)
 *(.init9)
 .init9         0x0000016e        0x6 C:/Program Files (x86)/Atmel/Studio/7.0/Packs/atmel/ATmega_DFP/1.0.90/gcc/dev/atmega256rfr2/avr6/crtatmega256rfr2.o
 *(.init9)
 *(.text)
 .text          0x00000174        0x2 C:/Program Files (x86)/Atmel/Studio/7.0/Packs/atmel/ATmega_DFP/1.0.90/gcc/dev/atmega256rfr2/avr6/crtatmega256rfr2.o
                0x00000174                __vector_38
                0x00000174                __vector_22
                0x00000174                __vector_63
                0x00000174                __vector_28
                0x00000174                __vector_67
                0x00000174                __vector_1
                0x00000174                __vector_32
                0x00000174                __vector_75
                0x00000174                __vector_71
                0x00000174                __vector_34
                0x00000174                __vector_62
                0x00000174                __vector_24
                0x00000174                __vector_12
                0x00000174                __vector_55
                0x00000174                __vector_69
                0x00000174                __vector_46
                0x00000174                __bad_interrupt
                0x00000174                __vector_72
                0x00000174                __vector_6
                0x00000174                __vector_31
                0x00000174                __vector_35
                0x00000174                __vector_74
                0x00000174                __vector_39
                0x00000174                __vector_3
                0x00000174                __vector_23
                0x00000174                __vector_68
                0x00000174                __vector_30
                0x00000174                __vector_73
                0x00000174                __vector_45
                0x00000174                __vector_25
                0x00000174                __vector_61
                0x00000174                __vector_11
                0x00000174                __vector_54
                0x00000174                __vector_17
                0x00000174                __vector_19
                0x00000174                __vector_56
                0x00000174                __vector_7
                0x00000174                __vector_49
                0x00000174                __vector_41
                0x00000174                __vector_64
                0x00000174                __vector_43
                0x00000174                __vector_27
                0x00000174                __vector_5
                0x00000174                __vector_33
                0x00000174                __vector_76
                0x00000174                __vector_47
                0x00000174                __vector_52
                0x00000174                __vector_4
                0x00000174                __vector_44
                0x00000174                __vector_51
                0x00000174                __vector_9
                0x00000174                __vector_2
                0x00000174                __vector_21
                0x00000174                __vector_15
                0x00000174                __vector_66
                0x00000174                __vector_58
                0x00000174                __vector_70
                0x00000174                __vector_29
                0x00000174                __vector_60
                0x00000174                __vector_40
                0x00000174                __vector_8
                0x00000174                __vector_26
                0x00000174                __vector_48
                0x00000174                __vector_14
                0x00000174                __vector_57
                0x00000174                __vector_53
                0x00000174                __vector_10
                0x00000174                __vector_50
                0x00000174                __vector_16
                0x00000174                __vector_59
                0x00000174                __vector_18
                0x00000174                __vector_20
                0x00000174                __vector_65
                0x00000176                . = ALIGN (0x2)
 *(.text.*)
 .text.appDataConf
                0x00000176        0x6 main.o
 .text.appSendData
                0x0000017c       0x5e main.o
 .text.appTimerHandler
                0x000001da        0x4 main.o
 .text.appDataInd
                0x000001de       0x3a main.o
 .text.HAL_UartBytesReceived
                0x00000218       0x5e main.o
                0x00000218                HAL_UartBytesReceived
 .text.main     0x00000276       0x6c main.o
                0x00000276                main
 .text.HAL_Init
                0x000002e2       0x28 stack/hal/atmega256rfr2/src/hal.o
                0x000002e2                HAL_Init
 .text.HAL_TimerInit
                0x0000030a       0x2a stack/hal/atmega256rfr2/src/halTimer.o
                0x0000030a                HAL_TimerInit
 .text.__vector_42
                0x00000334       0x22 stack/hal/atmega256rfr2/src/halTimer.o
                0x00000334                __vector_42
 .text.__vector_13
                0x00000356       0x1e stack/hal/drivers/atmega256rfr2/src/halSleep.o
                0x00000356                __vector_13
 .text.HAL_UartInit
                0x00000374       0xaa stack/hal/drivers/atmega256rfr2/src/halUart.o
                0x00000374                HAL_UartInit
 .text.HAL_UartWriteByte
                0x0000041e       0x4e stack/hal/drivers/atmega256rfr2/src/halUart.o
                0x0000041e                HAL_UartWriteByte
 .text.HAL_UartReadByte
                0x0000046c       0x4c stack/hal/drivers/atmega256rfr2/src/halUart.o
                0x0000046c                HAL_UartReadByte
 .text.__vector_37
                0x000004b8       0x38 stack/hal/drivers/atmega256rfr2/src/halUart.o
                0x000004b8                __vector_37
 .text.__vector_36
                0x000004f0       0xae stack/hal/drivers/atmega256rfr2/src/halUart.o
                0x000004f0                __vector_36
 .text.HAL_UartTaskHandler
                0x0000059e       0x86 stack/hal/drivers/atmega256rfr2/src/halUart.o
                0x0000059e                HAL_UartTaskHandler
 .text.NWK_Init
                0x00000624       0x2e stack/nwk/src/nwk.o
                0x00000624                NWK_Init
 .text.NWK_SetAddr
                0x00000652        0xe stack/nwk/src/nwk.o
                0x00000652                NWK_SetAddr
 .text.NWK_SetPanId
                0x00000660        0xe stack/nwk/src/nwk.o
                0x00000660                NWK_SetPanId
 .text.NWK_OpenEndpoint
                0x0000066e       0x12 stack/nwk/src/nwk.o
                0x0000066e                NWK_OpenEndpoint
 .text.NWK_TaskHandler
                0x00000680        0x8 stack/nwk/src/nwk.o
                0x00000680                NWK_TaskHandler
 .text.nwkDataReqTxConf
                0x00000688       0x46 stack/nwk/src/nwkDataReq.o
 .text.nwkDataReqInit
                0x000006ce        0xa stack/nwk/src/nwkDataReq.o
                0x000006ce                nwkDataReqInit
 .text.NWK_DataReq
                0x000006d8       0x48 stack/nwk/src/nwkDataReq.o
                0x000006d8                NWK_DataReq
 .text.nwkDataReqTaskHandler
                0x00000720      0x146 stack/nwk/src/nwkDataReq.o
                0x00000720                nwkDataReqTaskHandler
 .text.nwkFrameInit
                0x00000866       0x16 stack/nwk/src/nwkFrame.o
                0x00000866                nwkFrameInit
 .text.nwkFrameAlloc
                0x0000087c       0x72 stack/nwk/src/nwkFrame.o
                0x0000087c                nwkFrameAlloc
 .text.nwkFrameFree
                0x000008ee       0x14 stack/nwk/src/nwkFrame.o
                0x000008ee                nwkFrameFree
 .text.nwkFrameNext
                0x00000902       0x4a stack/nwk/src/nwkFrame.o
                0x00000902                nwkFrameNext
 .text.nwkFrameCommandInit
                0x0000094c       0x28 stack/nwk/src/nwkFrame.o
                0x0000094c                nwkFrameCommandInit
 .text.nwkRouteInit
                0x00000974       0x40 stack/nwk/src/nwkRoute.o
                0x00000974                nwkRouteInit
 .text.NWK_RouteFindEntry
                0x000009b4       0x64 stack/nwk/src/nwkRoute.o
                0x000009b4                NWK_RouteFindEntry
 .text.NWK_RouteNewEntry
                0x00000a18       0x44 stack/nwk/src/nwkRoute.o
                0x00000a18                NWK_RouteNewEntry
 .text.NWK_RouteFreeEntry
                0x00000a5c       0x14 stack/nwk/src/nwkRoute.o
                0x00000a5c                NWK_RouteFreeEntry
 .text.NWK_RouteNextHop
                0x00000a70       0x14 stack/nwk/src/nwkRoute.o
                0x00000a70                NWK_RouteNextHop
 .text.nwkRouteRemove
                0x00000a84        0xa stack/nwk/src/nwkRoute.o
                0x00000a84                nwkRouteRemove
 .text.nwkRouteFrameReceived
                0x00000a8e       0x9e stack/nwk/src/nwkRoute.o
                0x00000a8e                nwkRouteFrameReceived
 .text.nwkRouteFrameSent
                0x00000b2c       0x8e stack/nwk/src/nwkRoute.o
                0x00000b2c                nwkRouteFrameSent
 .text.nwkRoutePrepareTx
                0x00000bba       0x3e stack/nwk/src/nwkRoute.o
                0x00000bba                nwkRoutePrepareTx
 .text.nwkRouteFrame
                0x00000bf8       0x98 stack/nwk/src/nwkRoute.o
                0x00000bf8                nwkRouteFrame
 .text.nwkRouteErrorReceived
                0x00000c90       0x1e stack/nwk/src/nwkRoute.o
                0x00000c90                nwkRouteErrorReceived
 .text.nwkRxServiceDataInd
                0x00000cae       0x30 stack/nwk/src/nwkRx.o
 .text.nwkRxDuplicateRejectionTimerHandler
                0x00000cde       0x2c stack/nwk/src/nwkRx.o
 .text.nwkRxInit
                0x00000d0a       0x3a stack/nwk/src/nwkRx.o
                0x00000d0a                nwkRxInit
 .text.PHY_DataInd
                0x00000d44       0x54 stack/nwk/src/nwkRx.o
                0x00000d44                PHY_DataInd
 .text.nwkRxTaskHandler
                0x00000d98      0x478 stack/nwk/src/nwkRx.o
                0x00000d98                nwkRxTaskHandler
 .text.nwkTxDelayTimerHandler
                0x00001210       0x58 stack/nwk/src/nwkTx.o
 .text.nwkTxAckWaitTimerHandler
                0x00001268       0x64 stack/nwk/src/nwkTx.o
 .text.nwkTxInit
                0x000012cc       0x46 stack/nwk/src/nwkTx.o
                0x000012cc                nwkTxInit
 .text.nwkTxFrame
                0x00001312       0x9c stack/nwk/src/nwkTx.o
                0x00001312                nwkTxFrame
 .text.nwkTxBroadcastFrame
                0x000013ae       0x86 stack/nwk/src/nwkTx.o
                0x000013ae                nwkTxBroadcastFrame
 .text.nwkTxAckReceived
                0x00001434       0x4a stack/nwk/src/nwkTx.o
                0x00001434                nwkTxAckReceived
 .text.PHY_DataConf
                0x0000147e       0x46 stack/nwk/src/nwkTx.o
                0x0000147e                PHY_DataConf
 .text.nwkTxTaskHandler
                0x000014c4      0x136 stack/nwk/src/nwkTx.o
                0x000014c4                nwkTxTaskHandler
 .text.phySetChannel
                0x000015fa       0x3c stack/phy/atmega256rfr2/src/phy.o
 .text.phyTrxSetState
                0x00001636       0x24 stack/phy/atmega256rfr2/src/phy.o
 .text.phySetRxState
                0x0000165a       0x18 stack/phy/atmega256rfr2/src/phy.o
 .text.PHY_Init
                0x00001672       0x2e stack/phy/atmega256rfr2/src/phy.o
                0x00001672                PHY_Init
 .text.PHY_SetRxState
                0x000016a0        0x8 stack/phy/atmega256rfr2/src/phy.o
                0x000016a0                PHY_SetRxState
 .text.PHY_SetChannel
                0x000016a8        0x8 stack/phy/atmega256rfr2/src/phy.o
                0x000016a8                PHY_SetChannel
 .text.PHY_SetPanId
                0x000016b0       0x24 stack/phy/atmega256rfr2/src/phy.o
                0x000016b0                PHY_SetPanId
 .text.PHY_SetShortAddr
                0x000016d4       0x2e stack/phy/atmega256rfr2/src/phy.o
                0x000016d4                PHY_SetShortAddr
 .text.PHY_DataReq
                0x00001702       0x52 stack/phy/atmega256rfr2/src/phy.o
                0x00001702                PHY_DataReq
 .text.PHY_TaskHandler
                0x00001754       0xf6 stack/phy/atmega256rfr2/src/phy.o
                0x00001754                PHY_TaskHandler
 .text.SYS_Init
                0x0000184a        0xe stack/sys/src/sys.o
                0x0000184a                SYS_Init
 .text.SYS_TaskHandler
                0x00001858        0xa stack/sys/src/sys.o
                0x00001858                SYS_TaskHandler
 .text.placeTimer
                0x00001862       0xc8 stack/sys/src/sysTimer.o
 .text.SYS_TimerInit
                0x0000192a        0xa stack/sys/src/sysTimer.o
                0x0000192a                SYS_TimerInit
 .text.SYS_TimerStop
                0x00001934       0x7a stack/sys/src/sysTimer.o
                0x00001934                SYS_TimerStop
 .text.SYS_TimerStarted
                0x000019ae       0x34 stack/sys/src/sysTimer.o
                0x000019ae                SYS_TimerStarted
 .text.SYS_TimerStart
                0x000019e2       0x16 stack/sys/src/sysTimer.o
                0x000019e2                SYS_TimerStart
 .text.SYS_TimerTaskHandler
                0x000019f8       0xd6 stack/sys/src/sysTimer.o
                0x000019f8                SYS_TimerTaskHandler
 .text.libgcc.div
                0x00001ace       0x44 c:/program files (x86)/atmel/studio/7.0/toolchain/avr8/avr8-gnu-toolchain/bin/../lib/gcc/avr/5.4.0/avr6\libgcc.a(_udivmodsi4.o)
                0x00001ace                __udivmodsi4
 .text.avr-libc
                0x00001b12       0xaa c:/program files (x86)/atmel/studio/7.0/toolchain/avr8/avr8-gnu-toolchain/bin/../lib/gcc/avr/5.4.0/../../../../avr/lib/avr6\libc.a(rand.o)
                0x00001b9e                rand_r
                0x00001ba0                rand
                0x00001ba6                srand
 .text.avr-libc
                0x00001bbc       0x12 c:/program files (x86)/atmel/studio/7.0/toolchain/avr8/avr8-gnu-toolchain/bin/../lib/gcc/avr/5.4.0/../../../../avr/lib/avr6\libc.a(memcpy.o)
                0x00001bbc                memcpy
 .text.libgcc.div
                0x00001bce       0x28 c:/program files (x86)/atmel/studio/7.0/toolchain/avr8/avr8-gnu-toolchain/bin/../lib/gcc/avr/5.4.0/avr6\libgcc.a(_divmodsi4.o)
                0x00001bce                __divmodsi4
 .text.libgcc.div
                0x00001bf6       0x10 c:/program files (x86)/atmel/studio/7.0/toolchain/avr8/avr8-gnu-toolchain/bin/../lib/gcc/avr/5.4.0/avr6\libgcc.a(_negsi2.o)
                0x00001bf6                __negsi2
 .text.libgcc.mul
                0x00001c06       0x14 c:/program files (x86)/atmel/studio/7.0/toolchain/avr8/avr8-gnu-toolchain/bin/../lib/gcc/avr/5.4.0/avr6\libgcc.a(_muluhisi3.o)
                0x00001c06                __muluhisi3
 .text.libgcc.mul
                0x00001c1a        0xc c:/program files (x86)/atmel/studio/7.0/toolchain/avr8/avr8-gnu-toolchain/bin/../lib/gcc/avr/5.4.0/avr6\libgcc.a(_mulshisi3.o)
                0x00001c1a                __mulshisi3
                0x00001c1e                __mulohisi3
 .text.libgcc.mul
                0x00001c26       0x1e c:/program files (x86)/atmel/studio/7.0/toolchain/avr8/avr8-gnu-toolchain/bin/../lib/gcc/avr/5.4.0/avr6\libgcc.a(_umulhisi3.o)
                0x00001c26                __umulhisi3
                0x00001c44                . = ALIGN (0x2)
 *(.fini9)
 .fini9         0x00001c44        0x0 c:/program files (x86)/atmel/studio/7.0/toolchain/avr8/avr8-gnu-toolchain/bin/../lib/gcc/avr/5.4.0/avr6\libgcc.a(_exit.o)
                0x00001c44                _exit
                0x00001c44                exit
 *(.fini9)
 *(.fini8)
 *(.fini8)
 *(.fini7)
 *(.fini7)
 *(.fini6)
 *(.fini6)
 *(.fini5)
 *(.fini5)
 *(.fini4)
 *(.fini4)
 *(.fini3)
 *(.fini3)
 *(.fini2)
 *(.fini2)
 *(.fini1)
 *(.fini1)
 *(.fini0)
 .fini0         0x00001c44        0x4 c:/program files (x86)/atmel/studio/7.0/toolchain/avr8/avr8-gnu-toolchain/bin/../lib/gcc/avr/5.4.0/avr6\libgcc.a(_exit.o)
 *(.fini0)
                0x00001c48                _etext = .

.data           0x00800200        0x4 load address 0x00001c48
                0x00800200                PROVIDE (__data_start, .)
 *(.data)
 .data          0x00800200        0x4 c:/program files (x86)/atmel/studio/7.0/toolchain/avr8/avr8-gnu-toolchain/bin/../lib/gcc/avr/5.4.0/../../../../avr/lib/avr6\libc.a(rand.o)
 *(.data*)
 *(.gnu.linkonce.d*)
 *(.rodata)
 *(.rodata*)
 *(.gnu.linkonce.r*)
                0x00800204                . = ALIGN (0x2)
                0x00800204                _edata = .
                0x00800204                PROVIDE (__data_end, .)

.bss            0x00800204     0x180b
                0x00800204                PROVIDE (__bss_start, .)
 *(.bss)
 *(.bss*)
 .bss.appUartBufferPtr
                0x00800204        0x1 main.o
 .bss.appUartBuffer
                0x00800205       0x6d main.o
 .bss.appDataReqBuffer
                0x00800272       0x6d main.o
 .bss.appDataReqBusy
                0x008002df        0x1 main.o
 .bss.appDataReq
                0x008002e0       0x11 main.o
 .bss.appTimer  0x008002f1        0xd main.o
 .bss.appState  0x008002fe        0x1 main.o
 .bss.halSleepTimerEvent
                0x008002ff        0x1 stack/hal/drivers/atmega256rfr2/src/halSleep.o
 .bss.newData   0x00800300        0x1 stack/hal/drivers/atmega256rfr2/src/halUart.o
 .bss.udrEmpty  0x00800301        0x1 stack/hal/drivers/atmega256rfr2/src/halUart.o
 .bss.rxData    0x00800302      0x191 stack/hal/drivers/atmega256rfr2/src/halUart.o
 .bss.rxFifo    0x00800493        0xa stack/hal/drivers/atmega256rfr2/src/halUart.o
 .bss.txData    0x0080049d      0x191 stack/hal/drivers/atmega256rfr2/src/halUart.o
 .bss.txFifo    0x0080062e        0xa stack/hal/drivers/atmega256rfr2/src/halUart.o
 .bss.nwkDataReqQueue
                0x00800638        0x2 stack/nwk/src/nwkDataReq.o
 .bss.nwkFrameFrames
                0x0080063a     0x100e stack/nwk/src/nwkFrame.o
 .bss.nwkRouteTable
                0x00801648      0x2bc stack/nwk/src/nwkRoute.o
 .bss.nwkRxDuplicateRejectionTimer
                0x00801904        0xd stack/nwk/src/nwkRx.o
 .bss.nwkRxAckControl
                0x00801911        0x1 stack/nwk/src/nwkRx.o
 .bss.nwkRxDuplicateRejectionTable
                0x00801912       0x32 stack/nwk/src/nwkRx.o
 .bss.nwkTxDelayTimer
                0x00801944        0xd stack/nwk/src/nwkTx.o
 .bss.nwkTxAckWaitTimer
                0x00801951        0xd stack/nwk/src/nwkTx.o
 .bss.nwkTxPhyActiveFrame
                0x0080195e        0x2 stack/nwk/src/nwkTx.o
 .bss.phyBand   0x00801960        0x1 stack/phy/atmega256rfr2/src/phy.o
 .bss.phyChannel
                0x00801961        0x1 stack/phy/atmega256rfr2/src/phy.o
 .bss.phyRxState
                0x00801962        0x1 stack/phy/atmega256rfr2/src/phy.o
 .bss.phyRxBuffer
                0x00801963       0x80 stack/phy/atmega256rfr2/src/phy.o
 .bss.phyState  0x008019e3        0x1 stack/phy/atmega256rfr2/src/phy.o
 .bss.timers    0x008019e4        0x2 stack/sys/src/sysTimer.o
 *(COMMON)
 COMMON         0x008019e6        0x1 stack/hal/atmega256rfr2/src/halTimer.o
                0x008019e6                halTimerIrqCount
 COMMON         0x008019e7       0x28 stack/nwk/src/nwk.o
                0x008019e7                nwkIb
                0x00801a0f                PROVIDE (__bss_end, .)
                0x00001c48                __data_load_start = LOADADDR (.data)
                0x00001c4c                __data_load_end = (__data_load_start + SIZEOF (.data))

.noinit         0x00801a0f        0x0
                [!provide]                PROVIDE (__noinit_start, .)
 *(.noinit*)
                [!provide]                PROVIDE (__noinit_end, .)
                0x00801a0f                _end = .
                [!provide]                PROVIDE (__heap_start, .)

.eeprom         0x00810000        0x0
 *(.eeprom*)
                0x00810000                __eeprom_end = .

.fuse
 *(.fuse)
 *(.lfuse)
 *(.hfuse)
 *(.efuse)

.lock
 *(.lock*)

.signature
 *(.signature*)

.user_signatures
 *(.user_signatures*)

.stab
 *(.stab)

.stabstr
 *(.stabstr)

.stab.excl
 *(.stab.excl)

.stab.exclstr
 *(.stab.exclstr)

.stab.index
 *(.stab.index)

.stab.indexstr
 *(.stab.indexstr)

.comment        0x00000000       0x30
 *(.comment)
 .comment       0x00000000       0x30 main.o
                                 0x31 (size before relaxing)
 .comment       0x00000030       0x31 stack/hal/atmega256rfr2/src/hal.o
 .comment       0x00000030       0x31 stack/hal/atmega256rfr2/src/halTimer.o
 .comment       0x00000030       0x31 stack/hal/drivers/atmega256rfr2/src/halSleep.o
 .comment       0x00000030       0x31 stack/hal/drivers/atmega256rfr2/src/halUart.o
 .comment       0x00000030       0x31 stack/nwk/src/nwk.o
 .comment       0x00000030       0x31 stack/nwk/src/nwkDataReq.o
 .comment       0x00000030       0x31 stack/nwk/src/nwkFrame.o
 .comment       0x00000030       0x31 stack/nwk/src/nwkRoute.o
 .comment       0x00000030       0x31 stack/nwk/src/nwkRx.o
 .comment       0x00000030       0x31 stack/nwk/src/nwkTx.o
 .comment       0x00000030       0x31 stack/phy/atmega256rfr2/src/phy.o
 .comment       0x00000030       0x31 stack/sys/src/sys.o
 .comment       0x00000030       0x31 stack/sys/src/sysTimer.o
 .comment       0x00000030       0x31 c:/program files (x86)/atmel/studio/7.0/toolchain/avr8/avr8-gnu-toolchain/bin/../lib/gcc/avr/5.4.0/../../../../avr/lib/avr6\libc.a(rand.o)

.note.gnu.avr.deviceinfo
                0x00000000       0x40
 .note.gnu.avr.deviceinfo
                0x00000000       0x40 C:/Program Files (x86)/Atmel/Studio/7.0/Packs/atmel/ATmega_DFP/1.0.90/gcc/dev/atmega256rfr2/avr6/crtatmega256rfr2.o

.note.gnu.build-id
 *(.note.gnu.build-id)

.debug
 *(.debug)

.line
 *(.line)

.debug_srcinfo
 *(.debug_srcinfo)

.debug_sfnames
 *(.debug_sfnames)

.debug_aranges  0x00000000      0x418
 *(.debug_aranges)
 .debug_aranges
                0x00000000       0x48 main.o
 .debug_aranges
                0x00000048       0x28 stack/hal/atmega256rfr2/src/hal.o
 .debug_aranges
                0x00000070       0x30 stack/hal/atmega256rfr2/src/halTimer.o
 .debug_aranges
                0x000000a0       0x28 stack/hal/drivers/atmega256rfr2/src/halSleep.o
 .debug_aranges
                0x000000c8       0x48 stack/hal/drivers/atmega256rfr2/src/halUart.o
 .debug_aranges
                0x00000110       0x70 stack/nwk/src/nwk.o
 .debug_aranges
                0x00000180       0x38 stack/nwk/src/nwkDataReq.o
 .debug_aranges
                0x000001b8       0x40 stack/nwk/src/nwkFrame.o
 .debug_aranges
                0x000001f8       0x80 stack/nwk/src/nwkRoute.o
 .debug_aranges
                0x00000278       0x48 stack/nwk/src/nwkRx.o
 .debug_aranges
                0x000002c0       0x60 stack/nwk/src/nwkTx.o
 .debug_aranges
                0x00000320       0x88 stack/phy/atmega256rfr2/src/phy.o
 .debug_aranges
                0x000003a8       0x28 stack/sys/src/sys.o
 .debug_aranges
                0x000003d0       0x48 stack/sys/src/sysTimer.o

.debug_pubnames
 *(.debug_pubnames)

.debug_info     0x00000000     0x4d95
 *(.debug_info .gnu.linkonce.wi.*)
 .debug_info    0x00000000      0x731 main.o
 .debug_info    0x00000731      0x128 stack/hal/atmega256rfr2/src/hal.o
 .debug_info    0x00000859       0xe4 stack/hal/atmega256rfr2/src/halTimer.o
 .debug_info    0x0000093d      0x184 stack/hal/drivers/atmega256rfr2/src/halSleep.o
 .debug_info    0x00000ac1      0x31a stack/hal/drivers/atmega256rfr2/src/halUart.o
 .debug_info    0x00000ddb      0x4ce stack/nwk/src/nwk.o
 .debug_info    0x000012a9      0x785 stack/nwk/src/nwkDataReq.o
 .debug_info    0x00001a2e      0x572 stack/nwk/src/nwkFrame.o
 .debug_info    0x00001fa0      0xb52 stack/nwk/src/nwkRoute.o
 .debug_info    0x00002af2      0xc34 stack/nwk/src/nwkRx.o
 .debug_info    0x00003726      0xa26 stack/nwk/src/nwkTx.o
 .debug_info    0x0000414c      0x7c4 stack/phy/atmega256rfr2/src/phy.o
 .debug_info    0x00004910      0x140 stack/sys/src/sys.o
 .debug_info    0x00004a50      0x345 stack/sys/src/sysTimer.o

.debug_abbrev   0x00000000     0x1989
 *(.debug_abbrev)
 .debug_abbrev  0x00000000      0x230 main.o
 .debug_abbrev  0x00000230       0xc3 stack/hal/atmega256rfr2/src/hal.o
 .debug_abbrev  0x000002f3       0xaa stack/hal/atmega256rfr2/src/halTimer.o
 .debug_abbrev  0x0000039d       0xd5 stack/hal/drivers/atmega256rfr2/src/halSleep.o
 .debug_abbrev  0x00000472      0x16a stack/hal/drivers/atmega256rfr2/src/halUart.o
 .debug_abbrev  0x000005dc      0x1b5 stack/nwk/src/nwk.o
 .debug_abbrev  0x00000791      0x27f stack/nwk/src/nwkDataReq.o
 .debug_abbrev  0x00000a10      0x183 stack/nwk/src/nwkFrame.o
 .debug_abbrev  0x00000b93      0x332 stack/nwk/src/nwkRoute.o
 .debug_abbrev  0x00000ec5      0x38a stack/nwk/src/nwkRx.o
 .debug_abbrev  0x0000124f      0x30c stack/nwk/src/nwkTx.o
 .debug_abbrev  0x0000155b      0x230 stack/phy/atmega256rfr2/src/phy.o
 .debug_abbrev  0x0000178b       0x63 stack/sys/src/sys.o
 .debug_abbrev  0x000017ee      0x19b stack/sys/src/sysTimer.o

.debug_line     0x00000000     0x26b1
 *(.debug_line .debug_line.* .debug_line_end)
 .debug_line    0x00000000      0x2ee main.o
 .debug_line    0x000002ee      0x185 stack/hal/atmega256rfr2/src/hal.o
 .debug_line    0x00000473      0x12d stack/hal/atmega256rfr2/src/halTimer.o
 .debug_line    0x000005a0      0x1db stack/hal/drivers/atmega256rfr2/src/halSleep.o
 .debug_line    0x0000077b      0x2c4 stack/hal/drivers/atmega256rfr2/src/halUart.o
 .debug_line    0x00000a3f      0x2ab stack/nwk/src/nwk.o
 .debug_line    0x00000cea      0x24c stack/nwk/src/nwkDataReq.o
 .debug_line    0x00000f36      0x1d1 stack/nwk/src/nwkFrame.o
 .debug_line    0x00001107      0x48c stack/nwk/src/nwkRoute.o
 .debug_line    0x00001593      0x4b4 stack/nwk/src/nwkRx.o
 .debug_line    0x00001a47      0x4ca stack/nwk/src/nwkTx.o
 .debug_line    0x00001f11      0x3de stack/phy/atmega256rfr2/src/phy.o
 .debug_line    0x000022ef      0x108 stack/sys/src/sys.o
 .debug_line    0x000023f7      0x2ba stack/sys/src/sysTimer.o

.debug_frame    0x00000000      0x9d0
 *(.debug_frame)
 .debug_frame   0x00000000       0xac main.o
 .debug_frame   0x000000ac       0x34 stack/hal/atmega256rfr2/src/hal.o
 .debug_frame   0x000000e0       0x54 stack/hal/atmega256rfr2/src/halTimer.o
 .debug_frame   0x00000134       0x50 stack/hal/drivers/atmega256rfr2/src/halSleep.o
 .debug_frame   0x00000184       0xe4 stack/hal/drivers/atmega256rfr2/src/halUart.o
 .debug_frame   0x00000268       0xd4 stack/nwk/src/nwk.o
 .debug_frame   0x0000033c       0x68 stack/nwk/src/nwkDataReq.o
 .debug_frame   0x000003a4       0x64 stack/nwk/src/nwkFrame.o
 .debug_frame   0x00000408      0x174 stack/nwk/src/nwkRoute.o
 .debug_frame   0x0000057c       0xe0 stack/nwk/src/nwkRx.o
 .debug_frame   0x0000065c      0x144 stack/nwk/src/nwkTx.o
 .debug_frame   0x000007a0      0x13c stack/phy/atmega256rfr2/src/phy.o
 .debug_frame   0x000008dc       0x34 stack/sys/src/sys.o
 .debug_frame   0x00000910       0xc0 stack/sys/src/sysTimer.o

.debug_str      0x00000000     0x16e4
 *(.debug_str)
 .debug_str     0x00000000      0x497 main.o
                                0x4d7 (size before relaxing)
 .debug_str     0x00000497       0x6a stack/hal/atmega256rfr2/src/hal.o
                                0x1d8 (size before relaxing)
 .debug_str     0x00000501       0x47 stack/hal/atmega256rfr2/src/halTimer.o
                                0x1d2 (size before relaxing)
 .debug_str     0x00000548       0x97 stack/hal/drivers/atmega256rfr2/src/halSleep.o
                                0x21d (size before relaxing)
 .debug_str     0x000005df       0x96 stack/hal/drivers/atmega256rfr2/src/halUart.o
                                0x29b (size before relaxing)
 .debug_str     0x00000675      0x157 stack/nwk/src/nwk.o
                                0x35f (size before relaxing)
 .debug_str     0x000007cc      0x2a2 stack/nwk/src/nwkDataReq.o
                                0x58e (size before relaxing)
 .debug_str     0x00000a6e       0x61 stack/nwk/src/nwkFrame.o
                                0x42d (size before relaxing)
 .debug_str     0x00000acf      0x1fa stack/nwk/src/nwkRoute.o
                                0x637 (size before relaxing)
 .debug_str     0x00000cc9      0x2bb stack/nwk/src/nwkRx.o
                                0x770 (size before relaxing)
 .debug_str     0x00000f84      0x1c7 stack/nwk/src/nwkTx.o
                                0x700 (size before relaxing)
 .debug_str     0x0000114b      0x518 stack/phy/atmega256rfr2/src/phy.o
                                0x79f (size before relaxing)
 .debug_str     0x00001663       0x3a stack/sys/src/sys.o
                                0x1fa (size before relaxing)
 .debug_str     0x0000169d       0x47 stack/sys/src/sysTimer.o
                                0x28f (size before relaxing)

.debug_loc      0x00000000     0x24be
 *(.debug_loc)
 .debug_loc     0x00000000      0x1a9 main.o
 .debug_loc     0x000001a9       0x21 stack/hal/atmega256rfr2/src/hal.o
 .debug_loc     0x000001ca       0x62 stack/hal/atmega256rfr2/src/halTimer.o
 .debug_loc     0x0000022c      0x179 stack/hal/drivers/atmega256rfr2/src/halSleep.o
 .debug_loc     0x000003a5      0x212 stack/hal/drivers/atmega256rfr2/src/halUart.o
 .debug_loc     0x000005b7      0x14d stack/nwk/src/nwk.o
 .debug_loc     0x00000704      0x137 stack/nwk/src/nwkDataReq.o
 .debug_loc     0x0000083b       0xe2 stack/nwk/src/nwkFrame.o
 .debug_loc     0x0000091d      0x875 stack/nwk/src/nwkRoute.o
 .debug_loc     0x00001192      0x543 stack/nwk/src/nwkRx.o
 .debug_loc     0x000016d5      0x691 stack/nwk/src/nwkTx.o
 .debug_loc     0x00001d66      0x32a stack/phy/atmega256rfr2/src/phy.o
 .debug_loc     0x00002090      0x42e stack/sys/src/sysTimer.o

.debug_macinfo
 *(.debug_macinfo)

.debug_weaknames
 *(.debug_weaknames)

.debug_funcnames
 *(.debug_funcnames)

.debug_typenames
 *(.debug_typenames)

.debug_varnames
 *(.debug_varnames)

.debug_pubtypes
 *(.debug_pubtypes)

.debug_ranges   0x00000000      0x480
 *(.debug_ranges)
 .debug_ranges  0x00000000       0x68 main.o
 .debug_ranges  0x00000068       0x18 stack/hal/atmega256rfr2/src/hal.o
 .debug_ranges  0x00000080       0x20 stack/hal/atmega256rfr2/src/halTimer.o
 .debug_ranges  0x000000a0       0x30 stack/hal/drivers/atmega256rfr2/src/halSleep.o
 .debug_ranges  0x000000d0       0x38 stack/hal/drivers/atmega256rfr2/src/halUart.o
 .debug_ranges  0x00000108       0x60 stack/nwk/src/nwk.o
 .debug_ranges  0x00000168       0x28 stack/nwk/src/nwkDataReq.o
 .debug_ranges  0x00000190       0x30 stack/nwk/src/nwkFrame.o
 .debug_ranges  0x000001c0       0x88 stack/nwk/src/nwkRoute.o
 .debug_ranges  0x00000248       0xd0 stack/nwk/src/nwkRx.o
 .debug_ranges  0x00000318       0x68 stack/nwk/src/nwkTx.o
 .debug_ranges  0x00000380       0x78 stack/phy/atmega256rfr2/src/phy.o
 .debug_ranges  0x000003f8       0x18 stack/sys/src/sys.o
 .debug_ranges  0x00000410       0x70 stack/sys/src/sysTimer.o

.debug_macro
 *(.debug_macro)
OUTPUT(LWM_MSSY.elf elf32-avr)
LOAD linker stubs
